DM Object:Simplicial Mesh 8 MPI processes
  type: plex
Simplicial Mesh in 2 dimensions:
  0-cells: 3 3 3 3 3 3 3 3
  1-cells: 3 3 3 3 3 3 3 3
  2-cells: 1 1 1 1 1 1 1 1
Labels:
  marker: 2 strata of sizes (2, 3)
  depth: 3 strata of sizes (3, 3, 1)