DM Object:Parallel Mesh 8 MPI processes
  type: plex
Parallel Mesh in 2 dimensions:
  0-cells: 10 13 14 13 13 10 14 13
  1-cells: 18 26 29 26 26 18 29 26
  2-cells: 9 14 16 14 14 9 16 14
Labels:
  marker: 2 strata of sizes (13, 4)
  depth: 3 strata of sizes (10, 18, 9)
DM Object:Simplicial Mesh 8 MPI processes
  type: plex
\documentclass[crop,multi=false]{standalone}
\usepackage{tikz}
\usepackage{pgflibraryshapes}
\usetikzlibrary{backgrounds}
\usetikzlibrary{arrows}
\begin{document}
\vbox{
Simplicial Mesh for process {\textcolor{red}0}, {\textcolor{blue}1}, {\textcolor{green}2}, {\textcolor{red}3}, {\textcolor{blue}4}, {\textcolor{green}5}, {\textcolor{red}6}, and {\textcolor{blue}7}.
\begin{tikzpicture}[scale = 4,font=\fontsize{8}{8}\selectfont]
\path
(0,0) node(9_0) [draw,shape=circle,color=red] {9} --
(1,0) node(10_0) [draw,shape=circle,color=red] {10} --
(0,1) node(11_0) [draw,shape=circle,color=red] {11} --
(0.5,0) node(12_0) [draw,shape=circle,color=red] {12} --
(0.5,0.5) node(13_0) [draw,shape=circle,color=red] {13} --
(0,0.5) node(14_0) [draw,shape=circle,color=red] {14} --
(0,1.5) node(15_0) [draw,shape=circle,color=red] {15} --
(0.5,1) node(16_0) [draw,shape=circle,color=red] {16} --
(1,0.5) node(17_0) [draw,shape=circle,color=red] {17} --
(1.5,0) node(18_0) [draw,shape=circle,color=red] {18} --
(0,1) node(14_1) [draw,shape=circle,color=blue] {14} --
(1,1) node(15_1) [draw,shape=circle,color=blue] {15} --
(0,2) node(16_1) [draw,shape=circle,color=blue] {16} --
(0.5,1.5) node(17_1) [draw,shape=circle,color=blue] {17} --
(0,1.5) node(18_1) [draw,shape=circle,color=blue] {18} --
(0.5,1) node(19_1) [draw,shape=circle,color=blue] {19} --
(0,0.5) node(20_1) [draw,shape=circle,color=blue] {20} --
(0.5,0.5) node(21_1) [draw,shape=circle,color=blue] {21} --
(1,0.5) node(22_1) [draw,shape=circle,color=blue] {22} --
(1.5,0.5) node(23_1) [draw,shape=circle,color=blue] {23} --
(1.5,1) node(24_1) [draw,shape=circle,color=blue] {24} --
(1,1.5) node(25_1) [draw,shape=circle,color=blue] {25} --
(0.5,2) node(26_1) [draw,shape=circle,color=blue] {26} --
(1,0) node(16_2) [draw,shape=circle,color=green] {16} --
(0,1) node(17_2) [draw,shape=circle,color=green] {17} --
(1,1) node(18_2) [draw,shape=circle,color=green] {18} --
(0.5,0.5) node(19_2) [draw,shape=circle,color=green] {19} --
(0.5,1) node(20_2) [draw,shape=circle,color=green] {20} --
(1,0.5) node(21_2) [draw,shape=circle,color=green] {21} --
(0.5,0) node(22_2) [draw,shape=circle,color=green] {22} --
(0,0.5) node(23_2) [draw,shape=circle,color=green] {23} --
(0,1.5) node(24_2) [draw,shape=circle,color=green] {24} --
(1.5,0.5) node(25_2) [draw,shape=circle,color=green] {25} --
(1.5,0) node(26_2) [draw,shape=circle,color=green] {26} --
(1.5,1) node(27_2) [draw,shape=circle,color=green] {27} --
(0.5,1.5) node(28_2) [draw,shape=circle,color=green] {28} --
(1,1.5) node(29_2) [draw,shape=circle,color=green] {29} --
(2,0) node(14_3) [draw,shape=circle,color=red] {14} --
(1,1) node(15_3) [draw,shape=circle,color=red] {15} --
(2,1) node(16_3) [draw,shape=circle,color=red] {16} --
(1.5,0.5) node(17_3) [draw,shape=circle,color=red] {17} --
(2,0.5) node(18_3) [draw,shape=circle,color=red] {18} --
(1.5,1) node(19_3) [draw,shape=circle,color=red] {19} --
(0.5,1) node(20_3) [draw,shape=circle,color=red] {20} --
(1,0.5) node(21_3) [draw,shape=circle,color=red] {21} --
(1.5,0) node(22_3) [draw,shape=circle,color=red] {22} --
(2,1.5) node(23_3) [draw,shape=circle,color=red] {23} --
(1.5,1.5) node(24_3) [draw,shape=circle,color=red] {24} --
(0.5,1.5) node(25_3) [draw,shape=circle,color=red] {25} --
(1,1.5) node(26_3) [draw,shape=circle,color=red] {26} --
(1,0) node(14_4) [draw,shape=circle,color=blue] {14} --
(2,0) node(15_4) [draw,shape=circle,color=blue] {15} --
(1,1) node(16_4) [draw,shape=circle,color=blue] {16} --
(1,0.5) node(17_4) [draw,shape=circle,color=blue] {17} --
(1.5,0.5) node(18_4) [draw,shape=circle,color=blue] {18} --
(1.5,0) node(19_4) [draw,shape=circle,color=blue] {19} --
(0.5,0) node(20_4) [draw,shape=circle,color=blue] {20} --
(0.5,0.5) node(21_4) [draw,shape=circle,color=blue] {21} --
(0.5,1) node(22_4) [draw,shape=circle,color=blue] {22} --
(2,0.5) node(23_4) [draw,shape=circle,color=blue] {23} --
(1.5,1) node(24_4) [draw,shape=circle,color=blue] {24} --
(0.5,1.5) node(25_4) [draw,shape=circle,color=blue] {25} --
(1,1.5) node(26_4) [draw,shape=circle,color=blue] {26} --
(2,1) node(9_5) [draw,shape=circle,color=green] {9} --
(1,2) node(10_5) [draw,shape=circle,color=green] {10} --
(2,2) node(11_5) [draw,shape=circle,color=green] {11} --
(1.5,1.5) node(12_5) [draw,shape=circle,color=green] {12} --
(2,1.5) node(13_5) [draw,shape=circle,color=green] {13} --
(1.5,2) node(14_5) [draw,shape=circle,color=green] {14} --
(2,0.5) node(15_5) [draw,shape=circle,color=green] {15} --
(1.5,1) node(16_5) [draw,shape=circle,color=green] {16} --
(1,1.5) node(17_5) [draw,shape=circle,color=green] {17} --
(0.5,2) node(18_5) [draw,shape=circle,color=green] {18} --
(1,1) node(16_6) [draw,shape=circle,color=red] {16} --
(2,1) node(17_6) [draw,shape=circle,color=red] {17} --
(1,2) node(18_6) [draw,shape=circle,color=red] {18} --
(1.5,1) node(19_6) [draw,shape=circle,color=red] {19} --
(1.5,1.5) node(20_6) [draw,shape=circle,color=red] {20} --
(1,1.5) node(21_6) [draw,shape=circle,color=red] {21} --
(0.5,1) node(22_6) [draw,shape=circle,color=red] {22} --
(2,0.5) node(23_6) [draw,shape=circle,color=red] {23} --
(1,0.5) node(24_6) [draw,shape=circle,color=red] {24} --
(1.5,0.5) node(25_6) [draw,shape=circle,color=red] {25} --
(2,1.5) node(26_6) [draw,shape=circle,color=red] {26} --
(1.5,2) node(27_6) [draw,shape=circle,color=red] {27} --
(0.5,1.5) node(28_6) [draw,shape=circle,color=red] {28} --
(0.5,2) node(29_6) [draw,shape=circle,color=red] {29} --
(1,1) node(14_7) [draw,shape=circle,color=blue] {14} --
(0,2) node(15_7) [draw,shape=circle,color=blue] {15} --
(1,2) node(16_7) [draw,shape=circle,color=blue] {16} --
(0.5,1.5) node(17_7) [draw,shape=circle,color=blue] {17} --
(1,1.5) node(18_7) [draw,shape=circle,color=blue] {18} --
(0.5,2) node(19_7) [draw,shape=circle,color=blue] {19} --
(0,1.5) node(20_7) [draw,shape=circle,color=blue] {20} --
(0.5,1) node(21_7) [draw,shape=circle,color=blue] {21} --
(1,0.5) node(22_7) [draw,shape=circle,color=blue] {22} --
(1.5,0.5) node(23_7) [draw,shape=circle,color=blue] {23} --
(1.5,2) node(24_7) [draw,shape=circle,color=blue] {24} --
(1.5,1) node(25_7) [draw,shape=circle,color=blue] {25} --
(1.5,1.5) node(26_7) [draw,shape=circle,color=blue] {26} --
(0,0);
\path
(0.25,0) node(19_0) [draw,shape=circle,color=red] {19} --
(0.75,0) node(20_0) [draw,shape=circle,color=red] {20} --
(0.75,0.25) node(21_0) [draw,shape=circle,color=red] {21} --
(0.25,0.75) node(22_0) [draw,shape=circle,color=red] {22} --
(0,0.75) node(23_0) [draw,shape=circle,color=red] {23} --
(0,0.25) node(24_0) [draw,shape=circle,color=red] {24} --
(0.5,0.25) node(25_0) [draw,shape=circle,color=red] {25} --
(0.25,0.5) node(26_0) [draw,shape=circle,color=red] {26} --
(0.25,0.25) node(27_0) [draw,shape=circle,color=red] {27} --
(0,1.25) node(28_0) [draw,shape=circle,color=red] {28} --
(0.25,1.25) node(29_0) [draw,shape=circle,color=red] {29} --
(0.25,1) node(30_0) [draw,shape=circle,color=red] {30} --
(0.75,0.5) node(31_0) [draw,shape=circle,color=red] {31} --
(0.75,0.75) node(32_0) [draw,shape=circle,color=red] {32} --
(0.5,0.75) node(33_0) [draw,shape=circle,color=red] {33} --
(1,0.25) node(34_0) [draw,shape=circle,color=red] {34} --
(1.25,0) node(35_0) [draw,shape=circle,color=red] {35} --
(1.25,0.25) node(36_0) [draw,shape=circle,color=red] {36} --
(0.75,1.25) node(27_1) [draw,shape=circle,color=blue] {27} --
(0.25,1.75) node(28_1) [draw,shape=circle,color=blue] {28} --
(0,1.75) node(29_1) [draw,shape=circle,color=blue] {29} --
(0,1.25) node(30_1) [draw,shape=circle,color=blue] {30} --
(0.25,1) node(31_1) [draw,shape=circle,color=blue] {31} --
(0.75,1) node(32_1) [draw,shape=circle,color=blue] {32} --
(0.25,1.5) node(33_1) [draw,shape=circle,color=blue] {33} --
(0.25,1.25) node(34_1) [draw,shape=circle,color=blue] {34} --
(0.5,1.25) node(35_1) [draw,shape=circle,color=blue] {35} --
(0,0.75) node(36_1) [draw,shape=circle,color=blue] {36} --
(0.25,0.5) node(37_1) [draw,shape=circle,color=blue] {37} --
(0.25,0.75) node(38_1) [draw,shape=circle,color=blue] {38} --
(0.75,0.5) node(39_1) [draw,shape=circle,color=blue] {39} --
(0.75,0.75) node(40_1) [draw,shape=circle,color=blue] {40} --
(0.5,0.75) node(41_1) [draw,shape=circle,color=blue] {41} --
(1.5,0.75) node(42_1) [draw,shape=circle,color=blue] {42} --
(1,0.75) node(43_1) [draw,shape=circle,color=blue] {43} --
(1.25,0.75) node(44_1) [draw,shape=circle,color=blue] {44} --
(1.25,0.5) node(45_1) [draw,shape=circle,color=blue] {45} --
(1.25,1) node(46_1) [draw,shape=circle,color=blue] {46} --
(1.25,1.25) node(47_1) [draw,shape=circle,color=blue] {47} --
(1,1.25) node(48_1) [draw,shape=circle,color=blue] {48} --
(0.25,2) node(49_1) [draw,shape=circle,color=blue] {49} --
(0.75,1.75) node(50_1) [draw,shape=circle,color=blue] {50} --
(0.5,1.75) node(51_1) [draw,shape=circle,color=blue] {51} --
(0.75,1.5) node(52_1) [draw,shape=circle,color=blue] {52} --
(0.75,0.25) node(30_2) [draw,shape=circle,color=green] {30} --
(0.25,0.75) node(31_2) [draw,shape=circle,color=green] {31} --
(0.25,1) node(32_2) [draw,shape=circle,color=green] {32} --
(0.75,1) node(33_2) [draw,shape=circle,color=green] {33} --
(1,0.25) node(34_2) [draw,shape=circle,color=green] {34} --
(1,0.75) node(35_2) [draw,shape=circle,color=green] {35} --
(0.75,0.5) node(36_2) [draw,shape=circle,color=green] {36} --
(0.75,0.75) node(37_2) [draw,shape=circle,color=green] {37} --
(0.5,0.75) node(38_2) [draw,shape=circle,color=green] {38} --
(0.75,0) node(39_2) [draw,shape=circle,color=green] {39} --
(0,0.75) node(40_2) [draw,shape=circle,color=green] {40} --
(0.5,0.25) node(41_2) [draw,shape=circle,color=green] {41} --
(0.25,0.5) node(42_2) [draw,shape=circle,color=green] {42} --
(0.25,0.25) node(43_2) [draw,shape=circle,color=green] {43} --
(0,1.25) node(44_2) [draw,shape=circle,color=green] {44} --
(0.25,1.5) node(45_2) [draw,shape=circle,color=green] {45} --
(0.25,1.25) node(46_2) [draw,shape=circle,color=green] {46} --
(0.5,1.25) node(47_2) [draw,shape=circle,color=green] {47} --
(1.5,0.75) node(48_2) [draw,shape=circle,color=green] {48} --
(1.25,0.75) node(49_2) [draw,shape=circle,color=green] {49} --
(1.25,0) node(50_2) [draw,shape=circle,color=green] {50} --
(1.25,0.5) node(51_2) [draw,shape=circle,color=green] {51} --
(1.25,0.25) node(52_2) [draw,shape=circle,color=green] {52} --
(1.5,0.25) node(53_2) [draw,shape=circle,color=green] {53} --
(1.25,1) node(54_2) [draw,shape=circle,color=green] {54} --
(1.25,1.25) node(55_2) [draw,shape=circle,color=green] {55} --
(0.75,1.25) node(56_2) [draw,shape=circle,color=green] {56} --
(1,1.25) node(57_2) [draw,shape=circle,color=green] {57} --
(0.75,1.5) node(58_2) [draw,shape=circle,color=green] {58} --
(1.25,0.75) node(27_3) [draw,shape=circle,color=red] {27} --
(1.75,0.25) node(28_3) [draw,shape=circle,color=red] {28} --
(2,0.25) node(29_3) [draw,shape=circle,color=red] {29} --
(2,0.75) node(30_3) [draw,shape=circle,color=red] {30} --
(1.75,1) node(31_3) [draw,shape=circle,color=red] {31} --
(1.25,1) node(32_3) [draw,shape=circle,color=red] {32} --
(1.75,0.5) node(33_3) [draw,shape=circle,color=red] {33} --
(1.75,0.75) node(34_3) [draw,shape=circle,color=red] {34} --
(1.5,0.75) node(35_3) [draw,shape=circle,color=red] {35} --
(0.5,1.25) node(36_3) [draw,shape=circle,color=red] {36} --
(0.75,1) node(37_3) [draw,shape=circle,color=red] {37} --
(0.75,0.75) node(38_3) [draw,shape=circle,color=red] {38} --
(1,0.75) node(39_3) [draw,shape=circle,color=red] {39} --
(1.75,0) node(40_3) [draw,shape=circle,color=red] {40} --
(1.25,0.5) node(41_3) [draw,shape=circle,color=red] {41} --
(1.25,0.25) node(42_3) [draw,shape=circle,color=red] {42} --
(1.5,0.25) node(43_3) [draw,shape=circle,color=red] {43} --
(2,1.25) node(44_3) [draw,shape=circle,color=red] {44} --
(1.75,1.5) node(45_3) [draw,shape=circle,color=red] {45} --
(1.75,1.25) node(46_3) [draw,shape=circle,color=red] {46} --
(1.25,1.5) node(47_3) [draw,shape=circle,color=red] {47} --
(1.25,1.25) node(48_3) [draw,shape=circle,color=red] {48} --
(1.5,1.25) node(49_3) [draw,shape=circle,color=red] {49} --
(0.75,1.25) node(50_3) [draw,shape=circle,color=red] {50} --
(1,1.25) node(51_3) [draw,shape=circle,color=red] {51} --
(0.75,1.5) node(52_3) [draw,shape=circle,color=red] {52} --
(1,0.25) node(27_4) [draw,shape=circle,color=blue] {27} --
(1,0.75) node(28_4) [draw,shape=circle,color=blue] {28} --
(1.25,0.75) node(29_4) [draw,shape=circle,color=blue] {29} --
(1.75,0.25) node(30_4) [draw,shape=circle,color=blue] {30} --
(1.25,0) node(31_4) [draw,shape=circle,color=blue] {31} --
(1.75,0) node(32_4) [draw,shape=circle,color=blue] {32} --
(1.25,0.5) node(33_4) [draw,shape=circle,color=blue] {33} --
(1.25,0.25) node(34_4) [draw,shape=circle,color=blue] {34} --
(1.5,0.25) node(35_4) [draw,shape=circle,color=blue] {35} --
(0.75,0) node(36_4) [draw,shape=circle,color=blue] {36} --
(0.5,0.25) node(37_4) [draw,shape=circle,color=blue] {37} --
(0.5,1.25) node(38_4) [draw,shape=circle,color=blue] {38} --
(0.75,0.25) node(39_4) [draw,shape=circle,color=blue] {39} --
(0.75,1) node(40_4) [draw,shape=circle,color=blue] {40} --
(0.75,0.5) node(41_4) [draw,shape=circle,color=blue] {41} --
(0.75,0.75) node(42_4) [draw,shape=circle,color=blue] {42} --
(0.5,0.75) node(43_4) [draw,shape=circle,color=blue] {43} --
(2,0.25) node(44_4) [draw,shape=circle,color=blue] {44} --
(1.75,0.5) node(45_4) [draw,shape=circle,color=blue] {45} --
(1.75,0.75) node(46_4) [draw,shape=circle,color=blue] {46} --
(1.5,0.75) node(47_4) [draw,shape=circle,color=blue] {47} --
(1.25,1) node(48_4) [draw,shape=circle,color=blue] {48} --
(1.25,1.25) node(49_4) [draw,shape=circle,color=blue] {49} --
(0.75,1.25) node(50_4) [draw,shape=circle,color=blue] {50} --
(1,1.25) node(51_4) [draw,shape=circle,color=blue] {51} --
(0.75,1.5) node(52_4) [draw,shape=circle,color=blue] {52} --
(1.25,1.75) node(19_5) [draw,shape=circle,color=green] {19} --
(1.75,1.25) node(20_5) [draw,shape=circle,color=green] {20} --
(2,1.25) node(21_5) [draw,shape=circle,color=green] {21} --
(2,1.75) node(22_5) [draw,shape=circle,color=green] {22} --
(1.75,2) node(23_5) [draw,shape=circle,color=green] {23} --
(1.25,2) node(24_5) [draw,shape=circle,color=green] {24} --
(1.75,1.5) node(25_5) [draw,shape=circle,color=green] {25} --
(1.75,1.75) node(26_5) [draw,shape=circle,color=green] {26} --
(1.5,1.75) node(27_5) [draw,shape=circle,color=green] {27} --
(2,0.75) node(28_5) [draw,shape=circle,color=green] {28} --
(1.75,0.75) node(29_5) [draw,shape=circle,color=green] {29} --
(1.75,1) node(30_5) [draw,shape=circle,color=green] {30} --
(1.25,1.5) node(31_5) [draw,shape=circle,color=green] {31} --
(1.25,1.25) node(32_5) [draw,shape=circle,color=green] {32} --
(1.5,1.25) node(33_5) [draw,shape=circle,color=green] {33} --
(1,1.75) node(34_5) [draw,shape=circle,color=green] {34} --
(0.75,2) node(35_5) [draw,shape=circle,color=green] {35} --
(0.75,1.75) node(36_5) [draw,shape=circle,color=green] {36} --
(1.75,1) node(30_6) [draw,shape=circle,color=red] {30} --
(1.25,1) node(31_6) [draw,shape=circle,color=red] {31} --
(1.25,1.75) node(32_6) [draw,shape=circle,color=red] {32} --
(1.75,1.25) node(33_6) [draw,shape=circle,color=red] {33} --
(1,1.75) node(34_6) [draw,shape=circle,color=red] {34} --
(1,1.25) node(35_6) [draw,shape=circle,color=red] {35} --
(1.25,1.5) node(36_6) [draw,shape=circle,color=red] {36} --
(1.25,1.25) node(37_6) [draw,shape=circle,color=red] {37} --
(1.5,1.25) node(38_6) [draw,shape=circle,color=red] {38} --
(0.5,1.25) node(39_6) [draw,shape=circle,color=red] {39} --
(0.75,1) node(40_6) [draw,shape=circle,color=red] {40} --
(0.75,0.75) node(41_6) [draw,shape=circle,color=red] {41} --
(2,0.75) node(42_6) [draw,shape=circle,color=red] {42} --
(1.75,0.5) node(43_6) [draw,shape=circle,color=red] {43} --
(1.75,0.75) node(44_6) [draw,shape=circle,color=red] {44} --
(1.5,0.75) node(45_6) [draw,shape=circle,color=red] {45} --
(1,0.75) node(46_6) [draw,shape=circle,color=red] {46} --
(1.25,0.75) node(47_6) [draw,shape=circle,color=red] {47} --
(1.25,0.5) node(48_6) [draw,shape=circle,color=red] {48} --
(2,1.25) node(49_6) [draw,shape=circle,color=red] {49} --
(1.25,2) node(50_6) [draw,shape=circle,color=red] {50} --
(1.75,1.5) node(51_6) [draw,shape=circle,color=red] {51} --
(1.75,1.75) node(52_6) [draw,shape=circle,color=red] {52} --
(1.5,1.75) node(53_6) [draw,shape=circle,color=red] {53} --
(0.75,1.25) node(54_6) [draw,shape=circle,color=red] {54} --
(0.75,2) node(55_6) [draw,shape=circle,color=red] {55} --
(0.75,1.75) node(56_6) [draw,shape=circle,color=red] {56} --
(0.5,1.75) node(57_6) [draw,shape=circle,color=red] {57} --
(0.75,1.5) node(58_6) [draw,shape=circle,color=red] {58} --
(0.75,1.25) node(27_7) [draw,shape=circle,color=blue] {27} --
(0.25,1.75) node(28_7) [draw,shape=circle,color=blue] {28} --
(1,1.75) node(29_7) [draw,shape=circle,color=blue] {29} --
(1,1.25) node(30_7) [draw,shape=circle,color=blue] {30} --
(0.75,2) node(31_7) [draw,shape=circle,color=blue] {31} --
(0.25,2) node(32_7) [draw,shape=circle,color=blue] {32} --
(0.75,1.75) node(33_7) [draw,shape=circle,color=blue] {33} --
(0.5,1.75) node(34_7) [draw,shape=circle,color=blue] {34} --
(0.75,1.5) node(35_7) [draw,shape=circle,color=blue] {35} --
(0,1.75) node(36_7) [draw,shape=circle,color=blue] {36} --
(0.25,1.5) node(37_7) [draw,shape=circle,color=blue] {37} --
(0.25,1.25) node(38_7) [draw,shape=circle,color=blue] {38} --
(0.5,1.25) node(39_7) [draw,shape=circle,color=blue] {39} --
(0.75,1) node(40_7) [draw,shape=circle,color=blue] {40} --
(0.75,0.75) node(41_7) [draw,shape=circle,color=blue] {41} --
(1.5,0.75) node(42_7) [draw,shape=circle,color=blue] {42} --
(1,0.75) node(43_7) [draw,shape=circle,color=blue] {43} --
(1.25,0.75) node(44_7) [draw,shape=circle,color=blue] {44} --
(1.25,0.5) node(45_7) [draw,shape=circle,color=blue] {45} --
(1.25,2) node(46_7) [draw,shape=circle,color=blue] {46} --
(1.5,1.75) node(47_7) [draw,shape=circle,color=blue] {47} --
(1.25,1) node(48_7) [draw,shape=circle,color=blue] {48} --
(1.25,1.75) node(49_7) [draw,shape=circle,color=blue] {49} --
(1.25,1.5) node(50_7) [draw,shape=circle,color=blue] {50} --
(1.25,1.25) node(51_7) [draw,shape=circle,color=blue] {51} --
(1.5,1.25) node(52_7) [draw,shape=circle,color=blue] {52} --
(0,0);
\draw[color=red] (9_0) -- (12_0) -- (14_0) -- (9_0);
\draw[color=red] (12_0) -- (10_0) -- (13_0) -- (12_0);
\draw[color=red] (14_0) -- (13_0) -- (11_0) -- (14_0);
\draw[color=red] (12_0) -- (13_0) -- (14_0) -- (12_0);
\draw[color=red] (16_0) -- (15_0) -- (11_0) -- (16_0);
\draw[color=red] (11_0) -- (13_0) -- (16_0) -- (11_0);
\draw[color=red] (13_0) -- (10_0) -- (17_0) -- (13_0);
\draw[color=red] (13_0) -- (17_0) -- (16_0) -- (13_0);
\draw[color=red] (18_0) -- (17_0) -- (10_0) -- (18_0);
\draw[color=blue] (15_1) -- (17_1) -- (19_1) -- (15_1);
\draw[color=blue] (17_1) -- (16_1) -- (18_1) -- (17_1);
\draw[color=blue] (19_1) -- (18_1) -- (14_1) -- (19_1);
\draw[color=blue] (17_1) -- (18_1) -- (19_1) -- (17_1);
\draw[color=blue] (20_1) -- (21_1) -- (14_1) -- (20_1);
\draw[color=blue] (14_1) -- (21_1) -- (19_1) -- (14_1);
\draw[color=blue] (19_1) -- (22_1) -- (15_1) -- (19_1);
\draw[color=blue] (21_1) -- (22_1) -- (19_1) -- (21_1);
\draw[color=blue] (15_1) -- (23_1) -- (24_1) -- (15_1);
\draw[color=blue] (23_1) -- (15_1) -- (22_1) -- (23_1);
\draw[color=blue] (24_1) -- (25_1) -- (15_1) -- (24_1);
\draw[color=blue] (15_1) -- (25_1) -- (17_1) -- (15_1);
\draw[color=blue] (17_1) -- (26_1) -- (16_1) -- (17_1);
\draw[color=blue] (25_1) -- (26_1) -- (17_1) -- (25_1);
\draw[color=green] (17_2) -- (19_2) -- (20_2) -- (17_2);
\draw[color=green] (19_2) -- (16_2) -- (21_2) -- (19_2);
\draw[color=green] (20_2) -- (21_2) -- (18_2) -- (20_2);
\draw[color=green] (19_2) -- (21_2) -- (20_2) -- (19_2);
\draw[color=green] (22_2) -- (16_2) -- (19_2) -- (22_2);
\draw[color=green] (23_2) -- (19_2) -- (17_2) -- (23_2);
\draw[color=green] (22_2) -- (19_2) -- (23_2) -- (22_2);
\draw[color=green] (18_2) -- (28_2) -- (20_2) -- (18_2);
\draw[color=green] (20_2) -- (24_2) -- (17_2) -- (20_2);
\draw[color=green] (28_2) -- (24_2) -- (20_2) -- (28_2);
\draw[color=green] (18_2) -- (25_2) -- (27_2) -- (18_2);
\draw[color=green] (25_2) -- (18_2) -- (21_2) -- (25_2);
\draw[color=green] (26_2) -- (21_2) -- (16_2) -- (26_2);
\draw[color=green] (25_2) -- (21_2) -- (26_2) -- (25_2);
\draw[color=green] (27_2) -- (29_2) -- (18_2) -- (27_2);
\draw[color=green] (18_2) -- (29_2) -- (28_2) -- (18_2);
\draw[color=red] (15_3) -- (17_3) -- (19_3) -- (15_3);
\draw[color=red] (17_3) -- (14_3) -- (18_3) -- (17_3);
\draw[color=red] (19_3) -- (18_3) -- (16_3) -- (19_3);
\draw[color=red] (17_3) -- (18_3) -- (19_3) -- (17_3);
\draw[color=red] (15_3) -- (25_3) -- (20_3) -- (15_3);
\draw[color=red] (20_3) -- (21_3) -- (15_3) -- (20_3);
\draw[color=red] (14_3) -- (17_3) -- (22_3) -- (14_3);
\draw[color=red] (17_3) -- (15_3) -- (21_3) -- (17_3);
\draw[color=red] (17_3) -- (21_3) -- (22_3) -- (17_3);
\draw[color=red] (24_3) -- (16_3) -- (23_3) -- (24_3);
\draw[color=red] (16_3) -- (24_3) -- (19_3) -- (16_3);
\draw[color=red] (19_3) -- (26_3) -- (15_3) -- (19_3);
\draw[color=red] (24_3) -- (26_3) -- (19_3) -- (24_3);
\draw[color=red] (15_3) -- (26_3) -- (25_3) -- (15_3);
\draw[color=blue] (15_4) -- (18_4) -- (19_4) -- (15_4);
\draw[color=blue] (18_4) -- (16_4) -- (17_4) -- (18_4);
\draw[color=blue] (19_4) -- (17_4) -- (14_4) -- (19_4);
\draw[color=blue] (18_4) -- (17_4) -- (19_4) -- (18_4);
\draw[color=blue] (20_4) -- (14_4) -- (21_4) -- (20_4);
\draw[color=blue] (16_4) -- (25_4) -- (22_4) -- (16_4);
\draw[color=blue] (21_4) -- (14_4) -- (17_4) -- (21_4);
\draw[color=blue] (22_4) -- (17_4) -- (16_4) -- (22_4);
\draw[color=blue] (21_4) -- (17_4) -- (22_4) -- (21_4);
\draw[color=blue] (16_4) -- (18_4) -- (24_4) -- (16_4);
\draw[color=blue] (18_4) -- (15_4) -- (23_4) -- (18_4);
\draw[color=blue] (18_4) -- (23_4) -- (24_4) -- (18_4);
\draw[color=blue] (24_4) -- (26_4) -- (16_4) -- (24_4);
\draw[color=blue] (16_4) -- (26_4) -- (25_4) -- (16_4);
\draw[color=green] (10_5) -- (12_5) -- (14_5) -- (10_5);
\draw[color=green] (12_5) -- (9_5) -- (13_5) -- (12_5);
\draw[color=green] (14_5) -- (13_5) -- (11_5) -- (14_5);
\draw[color=green] (12_5) -- (13_5) -- (14_5) -- (12_5);
\draw[color=green] (16_5) -- (15_5) -- (9_5) -- (16_5);
\draw[color=green] (9_5) -- (12_5) -- (16_5) -- (9_5);
\draw[color=green] (12_5) -- (10_5) -- (17_5) -- (12_5);
\draw[color=green] (12_5) -- (17_5) -- (16_5) -- (12_5);
\draw[color=green] (17_5) -- (10_5) -- (18_5) -- (17_5);
\draw[color=red] (17_6) -- (20_6) -- (19_6) -- (17_6);
\draw[color=red] (20_6) -- (18_6) -- (21_6) -- (20_6);
\draw[color=red] (19_6) -- (21_6) -- (16_6) -- (19_6);
\draw[color=red] (20_6) -- (21_6) -- (19_6) -- (20_6);
\draw[color=red] (16_6) -- (28_6) -- (22_6) -- (16_6);
\draw[color=red] (22_6) -- (24_6) -- (16_6) -- (22_6);
\draw[color=red] (16_6) -- (25_6) -- (19_6) -- (16_6);
\draw[color=red] (19_6) -- (23_6) -- (17_6) -- (19_6);
\draw[color=red] (25_6) -- (23_6) -- (19_6) -- (25_6);
\draw[color=red] (25_6) -- (16_6) -- (24_6) -- (25_6);
\draw[color=red] (18_6) -- (20_6) -- (27_6) -- (18_6);
\draw[color=red] (20_6) -- (17_6) -- (26_6) -- (20_6);
\draw[color=red] (20_6) -- (26_6) -- (27_6) -- (20_6);
\draw[color=red] (16_6) -- (21_6) -- (28_6) -- (16_6);
\draw[color=red] (21_6) -- (18_6) -- (29_6) -- (21_6);
\draw[color=red] (21_6) -- (29_6) -- (28_6) -- (21_6);
\draw[color=blue] (14_7) -- (18_7) -- (17_7) -- (14_7);
\draw[color=blue] (18_7) -- (16_7) -- (19_7) -- (18_7);
\draw[color=blue] (17_7) -- (19_7) -- (15_7) -- (17_7);
\draw[color=blue] (18_7) -- (19_7) -- (17_7) -- (18_7);
\draw[color=blue] (14_7) -- (17_7) -- (21_7) -- (14_7);
\draw[color=blue] (17_7) -- (15_7) -- (20_7) -- (17_7);
\draw[color=blue] (17_7) -- (20_7) -- (21_7) -- (17_7);
\draw[color=blue] (21_7) -- (22_7) -- (14_7) -- (21_7);
\draw[color=blue] (14_7) -- (23_7) -- (25_7) -- (14_7);
\draw[color=blue] (23_7) -- (14_7) -- (22_7) -- (23_7);
\draw[color=blue] (16_7) -- (26_7) -- (24_7) -- (16_7);
\draw[color=blue] (26_7) -- (16_7) -- (18_7) -- (26_7);
\draw[color=blue] (25_7) -- (18_7) -- (14_7) -- (25_7);
\draw[color=blue] (26_7) -- (18_7) -- (25_7) -- (26_7);
\end{tikzpicture}
}
\end{document}