DM Object:Parallel Mesh 2 MPI processes
  type: plex
Parallel Mesh in 2 dimensions:
  0-cells: 19 19
  1-cells: 41 41
  2-cells: 23 23
Labels:
  marker: 2 strata of sizes (21, 11)
  depth: 3 strata of sizes (19, 41, 23)
DM Object:Simplicial Mesh 2 MPI processes
  type: plex
\documentclass[crop,multi=false]{standalone}
\usepackage{tikz}
\usepackage{pgflibraryshapes}
\usetikzlibrary{backgrounds}
\usetikzlibrary{arrows}
\begin{document}
\vbox{
Simplicial Mesh for process {\textcolor{red}0}, and {\textcolor{blue}1}.
\begin{tikzpicture}[scale = 4,font=\fontsize{8}{8}\selectfont]
\path
(2,0) node(23_0) [draw,shape=circle,color=red] {23} --
(1,1) node(24_0) [draw,shape=circle,color=red] {24} --
(2,1) node(25_0) [draw,shape=circle,color=red] {25} --
(0,2) node(26_0) [draw,shape=circle,color=red] {26} --
(1,2) node(27_0) [draw,shape=circle,color=red] {27} --
(2,2) node(28_0) [draw,shape=circle,color=red] {28} --
(0.5,1.5) node(29_0) [draw,shape=circle,color=red] {29} --
(1.5,0.5) node(30_0) [draw,shape=circle,color=red] {30} --
(2,0.5) node(31_0) [draw,shape=circle,color=red] {31} --
(1.5,1) node(32_0) [draw,shape=circle,color=red] {32} --
(1.5,1.5) node(33_0) [draw,shape=circle,color=red] {33} --
(2,1.5) node(34_0) [draw,shape=circle,color=red] {34} --
(1.5,2) node(35_0) [draw,shape=circle,color=red] {35} --
(1,1.5) node(36_0) [draw,shape=circle,color=red] {36} --
(0.5,2) node(37_0) [draw,shape=circle,color=red] {37} --
(0,1.5) node(38_0) [draw,shape=circle,color=red] {38} --
(0.5,1) node(39_0) [draw,shape=circle,color=red] {39} --
(1,0.5) node(40_0) [draw,shape=circle,color=red] {40} --
(1.5,0) node(41_0) [draw,shape=circle,color=red] {41} --
(0,0) node(23_1) [draw,shape=circle,color=blue] {23} --
(1,0) node(24_1) [draw,shape=circle,color=blue] {24} --
(2,0) node(25_1) [draw,shape=circle,color=blue] {25} --
(0,1) node(26_1) [draw,shape=circle,color=blue] {26} --
(1,1) node(27_1) [draw,shape=circle,color=blue] {27} --
(0,2) node(28_1) [draw,shape=circle,color=blue] {28} --
(0.5,0) node(29_1) [draw,shape=circle,color=blue] {29} --
(0.5,0.5) node(30_1) [draw,shape=circle,color=blue] {30} --
(0,0.5) node(31_1) [draw,shape=circle,color=blue] {31} --
(0.5,1.5) node(32_1) [draw,shape=circle,color=blue] {32} --
(0,1.5) node(33_1) [draw,shape=circle,color=blue] {33} --
(0.5,1) node(34_1) [draw,shape=circle,color=blue] {34} --
(1,0.5) node(35_1) [draw,shape=circle,color=blue] {35} --
(1.5,0.5) node(36_1) [draw,shape=circle,color=blue] {36} --
(1.5,0) node(37_1) [draw,shape=circle,color=blue] {37} --
(2,0.5) node(38_1) [draw,shape=circle,color=blue] {38} --
(1.5,1) node(39_1) [draw,shape=circle,color=blue] {39} --
(1,1.5) node(40_1) [draw,shape=circle,color=blue] {40} --
(0.5,2) node(41_1) [draw,shape=circle,color=blue] {41} --
(0,0);
\path
(0.75,1.25) node(42_0) [draw,shape=circle,color=red] {42} --
(0.25,1.75) node(43_0) [draw,shape=circle,color=red] {43} --
(1.25,0.75) node(44_0) [draw,shape=circle,color=red] {44} --
(1.75,0.25) node(45_0) [draw,shape=circle,color=red] {45} --
(2,0.25) node(46_0) [draw,shape=circle,color=red] {46} --
(2,0.75) node(47_0) [draw,shape=circle,color=red] {47} --
(1.75,1) node(48_0) [draw,shape=circle,color=red] {48} --
(1.25,1) node(49_0) [draw,shape=circle,color=red] {49} --
(1.25,1.75) node(50_0) [draw,shape=circle,color=red] {50} --
(1.75,1.25) node(51_0) [draw,shape=circle,color=red] {51} --
(2,1.25) node(52_0) [draw,shape=circle,color=red] {52} --
(2,1.75) node(53_0) [draw,shape=circle,color=red] {53} --
(1.75,2) node(54_0) [draw,shape=circle,color=red] {54} --
(1.25,2) node(55_0) [draw,shape=circle,color=red] {55} --
(1,1.75) node(56_0) [draw,shape=circle,color=red] {56} --
(1,1.25) node(57_0) [draw,shape=circle,color=red] {57} --
(0.75,2) node(58_0) [draw,shape=circle,color=red] {58} --
(0.25,2) node(59_0) [draw,shape=circle,color=red] {59} --
(1.75,0.5) node(60_0) [draw,shape=circle,color=red] {60} --
(1.75,0.75) node(61_0) [draw,shape=circle,color=red] {61} --
(1.5,0.75) node(62_0) [draw,shape=circle,color=red] {62} --
(1.75,1.5) node(63_0) [draw,shape=circle,color=red] {63} --
(1.75,1.75) node(64_0) [draw,shape=circle,color=red] {64} --
(1.5,1.75) node(65_0) [draw,shape=circle,color=red] {65} --
(1.25,1.5) node(66_0) [draw,shape=circle,color=red] {66} --
(1.25,1.25) node(67_0) [draw,shape=circle,color=red] {67} --
(1.5,1.25) node(68_0) [draw,shape=circle,color=red] {68} --
(0.75,1.75) node(69_0) [draw,shape=circle,color=red] {69} --
(0.5,1.75) node(70_0) [draw,shape=circle,color=red] {70} --
(0.75,1.5) node(71_0) [draw,shape=circle,color=red] {71} --
(0,1.75) node(72_0) [draw,shape=circle,color=red] {72} --
(0.75,1) node(73_0) [draw,shape=circle,color=red] {73} --
(1,0.75) node(74_0) [draw,shape=circle,color=red] {74} --
(1.75,0) node(75_0) [draw,shape=circle,color=red] {75} --
(0.25,1.5) node(76_0) [draw,shape=circle,color=red] {76} --
(0.25,1.25) node(77_0) [draw,shape=circle,color=red] {77} --
(0.5,1.25) node(78_0) [draw,shape=circle,color=red] {78} --
(0.75,0.75) node(79_0) [draw,shape=circle,color=red] {79} --
(1.25,0.5) node(80_0) [draw,shape=circle,color=red] {80} --
(1.25,0.25) node(81_0) [draw,shape=circle,color=red] {81} --
(1.5,0.25) node(82_0) [draw,shape=circle,color=red] {82} --
(0.25,0) node(42_1) [draw,shape=circle,color=blue] {42} --
(0.75,0) node(43_1) [draw,shape=circle,color=blue] {43} --
(0.75,0.25) node(44_1) [draw,shape=circle,color=blue] {44} --
(0.25,0.75) node(45_1) [draw,shape=circle,color=blue] {45} --
(0,0.75) node(46_1) [draw,shape=circle,color=blue] {46} --
(0,0.25) node(47_1) [draw,shape=circle,color=blue] {47} --
(0.75,1.25) node(48_1) [draw,shape=circle,color=blue] {48} --
(0.25,1.75) node(49_1) [draw,shape=circle,color=blue] {49} --
(0,1.75) node(50_1) [draw,shape=circle,color=blue] {50} --
(0,1.25) node(51_1) [draw,shape=circle,color=blue] {51} --
(0.25,1) node(52_1) [draw,shape=circle,color=blue] {52} --
(0.75,1) node(53_1) [draw,shape=circle,color=blue] {53} --
(1,0.25) node(54_1) [draw,shape=circle,color=blue] {54} --
(1,0.75) node(55_1) [draw,shape=circle,color=blue] {55} --
(1.25,0.75) node(56_1) [draw,shape=circle,color=blue] {56} --
(1.75,0.25) node(57_1) [draw,shape=circle,color=blue] {57} --
(1.25,0) node(58_1) [draw,shape=circle,color=blue] {58} --
(1.75,0) node(59_1) [draw,shape=circle,color=blue] {59} --
(0.5,0.25) node(60_1) [draw,shape=circle,color=blue] {60} --
(0.25,0.5) node(61_1) [draw,shape=circle,color=blue] {61} --
(0.25,0.25) node(62_1) [draw,shape=circle,color=blue] {62} --
(0.25,1.5) node(63_1) [draw,shape=circle,color=blue] {63} --
(0.25,1.25) node(64_1) [draw,shape=circle,color=blue] {64} --
(0.5,1.25) node(65_1) [draw,shape=circle,color=blue] {65} --
(0.75,0.5) node(66_1) [draw,shape=circle,color=blue] {66} --
(0.75,0.75) node(67_1) [draw,shape=circle,color=blue] {67} --
(0.5,0.75) node(68_1) [draw,shape=circle,color=blue] {68} --
(1.25,0.5) node(69_1) [draw,shape=circle,color=blue] {69} --
(1.25,0.25) node(70_1) [draw,shape=circle,color=blue] {70} --
(1.5,0.25) node(71_1) [draw,shape=circle,color=blue] {71} --
(2,0.25) node(72_1) [draw,shape=circle,color=blue] {72} --
(1.25,1) node(73_1) [draw,shape=circle,color=blue] {73} --
(1,1.25) node(74_1) [draw,shape=circle,color=blue] {74} --
(0.25,2) node(75_1) [draw,shape=circle,color=blue] {75} --
(1.75,0.5) node(76_1) [draw,shape=circle,color=blue] {76} --
(1.75,0.75) node(77_1) [draw,shape=circle,color=blue] {77} --
(1.5,0.75) node(78_1) [draw,shape=circle,color=blue] {78} --
(1.25,1.25) node(79_1) [draw,shape=circle,color=blue] {79} --
(0.75,1.75) node(80_1) [draw,shape=circle,color=blue] {80} --
(0.5,1.75) node(81_1) [draw,shape=circle,color=blue] {81} --
(0.75,1.5) node(82_1) [draw,shape=circle,color=blue] {82} --
(0,0);
\draw[color=red] (24_0) -- (30_0) -- (32_0) -- (24_0);
\draw[color=red] (30_0) -- (23_0) -- (31_0) -- (30_0);
\draw[color=red] (32_0) -- (31_0) -- (25_0) -- (32_0);
\draw[color=red] (30_0) -- (31_0) -- (32_0) -- (30_0);
\draw[color=red] (27_0) -- (33_0) -- (35_0) -- (27_0);
\draw[color=red] (33_0) -- (25_0) -- (34_0) -- (33_0);
\draw[color=red] (35_0) -- (34_0) -- (28_0) -- (35_0);
\draw[color=red] (33_0) -- (34_0) -- (35_0) -- (33_0);
\draw[color=red] (25_0) -- (33_0) -- (32_0) -- (25_0);
\draw[color=red] (33_0) -- (27_0) -- (36_0) -- (33_0);
\draw[color=red] (32_0) -- (36_0) -- (24_0) -- (32_0);
\draw[color=red] (33_0) -- (36_0) -- (32_0) -- (33_0);
\draw[color=red] (24_0) -- (36_0) -- (29_0) -- (24_0);
\draw[color=red] (36_0) -- (27_0) -- (37_0) -- (36_0);
\draw[color=red] (29_0) -- (37_0) -- (26_0) -- (29_0);
\draw[color=red] (36_0) -- (37_0) -- (29_0) -- (36_0);
\draw[color=red] (24_0) -- (29_0) -- (39_0) -- (24_0);
\draw[color=red] (29_0) -- (26_0) -- (38_0) -- (29_0);
\draw[color=red] (29_0) -- (38_0) -- (39_0) -- (29_0);
\draw[color=red] (39_0) -- (40_0) -- (24_0) -- (39_0);
\draw[color=red] (23_0) -- (30_0) -- (41_0) -- (23_0);
\draw[color=red] (30_0) -- (24_0) -- (40_0) -- (30_0);
\draw[color=red] (30_0) -- (40_0) -- (41_0) -- (30_0);
\draw[color=blue] (23_1) -- (29_1) -- (31_1) -- (23_1);
\draw[color=blue] (29_1) -- (24_1) -- (30_1) -- (29_1);
\draw[color=blue] (31_1) -- (30_1) -- (26_1) -- (31_1);
\draw[color=blue] (29_1) -- (30_1) -- (31_1) -- (29_1);
\draw[color=blue] (27_1) -- (32_1) -- (34_1) -- (27_1);
\draw[color=blue] (32_1) -- (28_1) -- (33_1) -- (32_1);
\draw[color=blue] (34_1) -- (33_1) -- (26_1) -- (34_1);
\draw[color=blue] (32_1) -- (33_1) -- (34_1) -- (32_1);
\draw[color=blue] (26_1) -- (30_1) -- (34_1) -- (26_1);
\draw[color=blue] (30_1) -- (24_1) -- (35_1) -- (30_1);
\draw[color=blue] (34_1) -- (35_1) -- (27_1) -- (34_1);
\draw[color=blue] (30_1) -- (35_1) -- (34_1) -- (30_1);
\draw[color=blue] (25_1) -- (36_1) -- (37_1) -- (25_1);
\draw[color=blue] (36_1) -- (27_1) -- (35_1) -- (36_1);
\draw[color=blue] (37_1) -- (35_1) -- (24_1) -- (37_1);
\draw[color=blue] (36_1) -- (35_1) -- (37_1) -- (36_1);
\draw[color=blue] (27_1) -- (36_1) -- (39_1) -- (27_1);
\draw[color=blue] (36_1) -- (25_1) -- (38_1) -- (36_1);
\draw[color=blue] (36_1) -- (38_1) -- (39_1) -- (36_1);
\draw[color=blue] (39_1) -- (40_1) -- (27_1) -- (39_1);
\draw[color=blue] (27_1) -- (40_1) -- (32_1) -- (27_1);
\draw[color=blue] (32_1) -- (41_1) -- (28_1) -- (32_1);
\draw[color=blue] (40_1) -- (41_1) -- (32_1) -- (40_1);
\end{tikzpicture}
}
\end{document}