DM Object:Hexahedral Mesh 4 MPI processes
  type: plex
Mesh 'Hexahedral Mesh':
Max sizes cone: 4 support: 4
orientation is missing
cap --> base:
[0]: 1 ----> 8
[0]: 2 ----> 7
[0]: 2 ----> 8
[0]: 2 ----> 9
[0]: 2 ----> 10
[0]: 3 ----> 7
[0]: 4 ----> 9
[0]: 4 ----> 11
[0]: 5 ----> 10
[0]: 5 ----> 12
[0]: 6 ----> 11
[0]: 6 ----> 12
[0]: 7 ----> 0
[0]: 8 ----> 0
[0]: 9 ----> 0
[0]: 10 ----> 0
[0]: 11 ----> 0
[0]: 12 ----> 0
Max sizes cone: 4 support: 4
[1]: 2 ----> 10
[1]: 2 ----> 11
[1]: 2 ----> 13
[1]: 2 ----> 16
[1]: 3 ----> 10
[1]: 3 ----> 12
[1]: 3 ----> 14
[1]: 3 ----> 15
[1]: 4 ----> 11
[1]: 5 ----> 12
[1]: 6 ----> 13
[1]: 6 ----> 14
[1]: 6 ----> 17
[1]: 7 ----> 15
[1]: 7 ----> 18
[1]: 8 ----> 16
[1]: 8 ----> 19
[1]: 9 ----> 17
[1]: 9 ----> 18
[1]: 9 ----> 19
[1]: 10 ----> 0
[1]: 10 ----> 1
[1]: 11 ----> 0
[1]: 12 ----> 1
[1]: 13 ----> 0
[1]: 14 ----> 1
[1]: 15 ----> 1
[1]: 16 ----> 0
[1]: 17 ----> 0
[1]: 17 ----> 1
[1]: 18 ----> 1
[1]: 19 ----> 0
Max sizes cone: 4 support: 5
[2]: 2 ----> 13
[2]: 3 ----> 10
[2]: 3 ----> 12
[2]: 4 ----> 10
[2]: 4 ----> 13
[2]: 4 ----> 14
[2]: 4 ----> 15
[2]: 4 ----> 16
[2]: 5 ----> 11
[2]: 5 ----> 12
[2]: 6 ----> 11
[2]: 6 ----> 14
[2]: 7 ----> 15
[2]: 7 ----> 17
[2]: 8 ----> 16
[2]: 8 ----> 18
[2]: 9 ----> 17
[2]: 9 ----> 18
[2]: 10 ----> 0
[2]: 10 ----> 1
[2]: 11 ----> 0
[2]: 12 ----> 0
[2]: 13 ----> 1
[2]: 14 ----> 0
[2]: 15 ----> 1
[2]: 16 ----> 1
[2]: 16 ----> 0
[2]: 17 ----> 1
[2]: 18 ----> 1
Max sizes cone: 4 support: 3
[3]: 2 ----> 8
[3]: 2 ----> 11
[3]: 3 ----> 8
[3]: 3 ----> 13
[3]: 4 ----> 9
[3]: 4 ----> 11
[3]: 4 ----> 12
[3]: 5 ----> 9
[3]: 5 ----> 13
[3]: 5 ----> 14
[3]: 6 ----> 10
[3]: 6 ----> 12
[3]: 7 ----> 10
[3]: 7 ----> 14
[3]: 8 ----> 0
[3]: 9 ----> 0
[3]: 9 ----> 1
[3]: 10 ----> 1
[3]: 11 ----> 0
[3]: 12 ----> 1
[3]: 13 ----> 0
[3]: 14 ----> 1
base <-- cap:
[0]: 0 <---- 12 (0)
[0]: 0 <---- 11 (-2)
[0]: 0 <---- 9 (-2)
[0]: 0 <---- 10 (-2)
[0]: 7 <---- 2 (0)
[0]: 7 <---- 3 (0)
[0]: 8 <---- 1 (0)
[0]: 8 <---- 2 (0)
[0]: 9 <---- 2 (0)
[0]: 9 <---- 4 (0)
[0]: 10 <---- 5 (0)
[0]: 10 <---- 2 (0)
[0]: 11 <---- 4 (0)
[0]: 11 <---- 6 (0)
[0]: 12 <---- 5 (0)
[0]: 12 <---- 6 (0)
[1]: 0 <---- 13 (0)
[1]: 0 <---- 17 (0)
[1]: 0 <---- 19 (-2)
[1]: 0 <---- 16 (-2)
[1]: 1 <---- 14 (0)
[1]: 1 <---- 15 (0)
[1]: 1 <---- 18 (0)
[1]: 1 <---- 17 (-2)
[1]: 10 <---- 2 (0)
[1]: 10 <---- 3 (0)
[1]: 11 <---- 2 (0)
[1]: 11 <---- 4 (0)
[1]: 12 <---- 3 (0)
[1]: 12 <---- 5 (0)
[1]: 13 <---- 2 (0)
[1]: 13 <---- 6 (0)
[1]: 14 <---- 6 (0)
[1]: 14 <---- 3 (0)
[1]: 15 <---- 3 (0)
[1]: 15 <---- 7 (0)
[1]: 16 <---- 2 (0)
[1]: 16 <---- 8 (0)
[1]: 17 <---- 6 (0)
[1]: 17 <---- 9 (0)
[1]: 18 <---- 7 (0)
[1]: 18 <---- 9 (0)
[1]: 19 <---- 8 (0)
[1]: 19 <---- 9 (0)
[2]: 0 <---- 10 (0)
[2]: 0 <---- 14 (0)
[2]: 0 <---- 11 (-2)
[2]: 0 <---- 12 (-2)
[2]: 1 <---- 17 (-2)
[2]: 1 <---- 15 (0)
[2]: 1 <---- 16 (-2)
[2]: 1 <---- 18 (0)
[2]: 10 <---- 3 (0)
[2]: 10 <---- 4 (0)
[2]: 11 <---- 5 (0)
[2]: 11 <---- 6 (0)
[2]: 12 <---- 3 (0)
[2]: 12 <---- 5 (0)
[2]: 13 <---- 2 (0)
[2]: 13 <---- 4 (0)
[2]: 14 <---- 4 (0)
[2]: 14 <---- 6 (0)
[2]: 15 <---- 7 (0)
[2]: 15 <---- 4 (0)
[2]: 16 <---- 8 (0)
[2]: 16 <---- 4 (0)
[2]: 17 <---- 7 (0)
[2]: 17 <---- 9 (0)
[2]: 18 <---- 8 (0)
[2]: 18 <---- 9 (0)
[3]: 0 <---- 8 (0)
[3]: 0 <---- 13 (0)
[3]: 0 <---- 9 (-2)
[3]: 0 <---- 11 (-2)
[3]: 1 <---- 9 (0)
[3]: 1 <---- 14 (0)
[3]: 1 <---- 10 (-2)
[3]: 1 <---- 12 (-2)
[3]: 8 <---- 2 (0)
[3]: 8 <---- 3 (0)
[3]: 9 <---- 4 (0)
[3]: 9 <---- 5 (0)
[3]: 10 <---- 6 (0)
[3]: 10 <---- 7 (0)
[3]: 11 <---- 2 (0)
[3]: 11 <---- 4 (0)
[3]: 12 <---- 4 (0)
[3]: 12 <---- 6 (0)
[3]: 13 <---- 3 (0)
[3]: 13 <---- 5 (0)
[3]: 14 <---- 5 (0)
[3]: 14 <---- 7 (0)
coordinates with 1 fields
  field 0 with 2 components
Process 0:
  (   1) dim  2 offset   0 0 0
  (   2) dim  2 offset   2 0 0.5
  (   3) dim  2 offset   4 0.5 0.5
  (   4) dim  2 offset   6 0.25 0.5
  (   5) dim  2 offset   8 0 0.25
  (   6) dim  2 offset  10 0.25 0.25
Process 1:
  (   2) dim  2 offset   0 0 0
  (   3) dim  2 offset   2 0.5 0
  (   4) dim  2 offset   4 0 0.5
  (   5) dim  2 offset   6 0.5 0.5
  (   6) dim  2 offset   8 0.25 0
  (   7) dim  2 offset  10 0.5 0.25
  (   8) dim  2 offset  12 0 0.25
  (   9) dim  2 offset  14 0.25 0.25
Process 2:
  (   2) dim  2 offset   0 0.5 0
  (   3) dim  2 offset   2 0 0.5
  (   4) dim  2 offset   4 0.5 0.5
  (   5) dim  2 offset   6 0 1
  (   6) dim  2 offset   8 0.5 1
  (   7) dim  2 offset  10 0.5 0.25
  (   8) dim  2 offset  12 0.25 0.5
  (   9) dim  2 offset  14 0.25 0.25
Process 3:
  (   2) dim  2 offset   0 0.5 0
  (   3) dim  2 offset   2 1 0
  (   4) dim  2 offset   4 0.5 0.5
  (   5) dim  2 offset   6 1 0.5
  (   6) dim  2 offset   8 0.5 1
  (   7) dim  2 offset  10 1 1
PetscSF Object: 4 MPI processes
  type: basic
    sort=rank-order
  [0] Number of roots=13, leaves=10, remote ranks=3
  [0] 1 <- (1,2)
  [0] 2 <- (2,3)
  [0] 3 <- (3,4)
  [0] 4 <- (2,8)
  [0] 5 <- (1,8)
  [0] 6 <- (2,9)
  [0] 7 <- (2,10)
  [0] 8 <- (1,11)
  [0] 11 <- (2,18)
  [0] 12 <- (1,19)
  [1] Number of roots=20, leaves=7, remote ranks=2
  [1] 3 <- (3,2)
  [1] 4 <- (2,3)
  [1] 5 <- (3,4)
  [1] 7 <- (2,7)
  [1] 9 <- (2,9)
  [1] 12 <- (3,11)
  [1] 18 <- (2,17)
  [2] Number of roots=19, leaves=5, remote ranks=1
  [2] 2 <- (3,2)
  [2] 4 <- (3,4)
  [2] 6 <- (3,6)
  [2] 13 <- (3,11)
  [2] 14 <- (3,12)
  [3] Number of roots=15, leaves=0, remote ranks=0
  [0] Roots referenced by my leaves, by rank
  [0] 1: 4 edges
  [0]    1 <- 2
  [0]    5 <- 8
  [0]    8 <- 11
  [0]    12 <- 19
  [0] 2: 5 edges
  [0]    2 <- 3
  [0]    4 <- 8
  [0]    6 <- 9
  [0]    7 <- 10
  [0]    11 <- 18
  [0] 3: 1 edges
  [0]    3 <- 4
  [1] Roots referenced by my leaves, by rank
  [1] 2: 4 edges
  [1]    4 <- 3
  [1]    7 <- 7
  [1]    9 <- 9
  [1]    18 <- 17
  [1] 3: 3 edges
  [1]    3 <- 2
  [1]    5 <- 4
  [1]    12 <- 11
  [2] Roots referenced by my leaves, by rank
  [2] 3: 5 edges
  [2]    2 <- 2
  [2]    4 <- 4
  [2]    6 <- 6
  [2]    13 <- 11
  [2]    14 <- 12
  [3] Roots referenced by my leaves, by rank
Null vector 0 is likely null vector|| A * v[0] || = 5.20417e-17
Null vector 1 is likely null vector|| A * v[1] || = 1.20635e-16
Null vector 2 is likely null vector|| A * v[2] || = 9.16336e-17
Function tests pass for order 0 at tolerance 1e-10
Function tests pass for order 0 derivatives at tolerance 1e-10
