DM Object:Simplicial Mesh 4 MPI processes
  type: plex
Mesh 'Simplicial Mesh':
Max sizes cone: 4 support: 6
orientation is missing
cap --> base:
[0]: 3 ----> 26
[0]: 3 ----> 27
[0]: 3 ----> 30
[0]: 3 ----> 32
[0]: 3 ----> 33
[0]: 3 ----> 34
[0]: 4 ----> 29
[0]: 4 ----> 30
[0]: 4 ----> 31
[0]: 5 ----> 27
[0]: 5 ----> 28
[0]: 5 ----> 31
[0]: 6 ----> 26
[0]: 6 ----> 28
[0]: 6 ----> 29
[0]: 7 ----> 32
[0]: 7 ----> 35
[0]: 7 ----> 37
[0]: 7 ----> 38
[0]: 7 ----> 43
[0]: 8 ----> 33
[0]: 8 ----> 35
[0]: 8 ----> 36
[0]: 8 ----> 40
[0]: 8 ----> 42
[0]: 9 ----> 36
[0]: 9 ----> 37
[0]: 9 ----> 39
[0]: 10 ----> 34
[0]: 10 ----> 38
[0]: 10 ----> 40
[0]: 10 ----> 41
[0]: 11 ----> 39
[0]: 11 ----> 41
[0]: 11 ----> 42
[0]: 11 ----> 43
[0]: 12 ----> 0
[0]: 12 ----> 2
[0]: 13 ----> 0
[0]: 15 ----> 0
[0]: 15 ----> 1
[0]: 16 ----> 0
[0]: 17 ----> 2
[0]: 18 ----> 0
[0]: 19 ----> 0
[0]: 20 ----> 1
[0]: 21 ----> 0
[0]: 21 ----> 1
[0]: 22 ----> 2
[0]: 23 ----> 2
[0]: 24 ----> 1
[0]: 25 ----> 1
[0]: 25 ----> 2
[0]: 26 ----> 12
[0]: 26 ----> 13
[0]: 26 ----> 16
[0]: 26 ----> 18
[0]: 27 ----> 12
[0]: 27 ----> 15
[0]: 27 ----> 16
[0]: 27 ----> 19
[0]: 28 ----> 12
[0]: 28 ----> 14
[0]: 29 ----> 13
[0]: 29 ----> 14
[0]: 30 ----> 13
[0]: 30 ----> 15
[0]: 30 ----> 18
[0]: 30 ----> 19
[0]: 31 ----> 14
[0]: 31 ----> 15
[0]: 32 ----> 16
[0]: 32 ----> 18
[0]: 32 ----> 12
[0]: 32 ----> 13
[0]: 33 ----> 16
[0]: 33 ----> 19
[0]: 33 ----> 12
[0]: 33 ----> 15
[0]: 34 ----> 18
[0]: 34 ----> 19
[0]: 34 ----> 13
[0]: 34 ----> 15
[0]: 35 ----> 16
[0]: 35 ----> 17
[0]: 35 ----> 21
[0]: 35 ----> 25
[0]: 36 ----> 17
[0]: 36 ----> 22
[0]: 37 ----> 17
[0]: 37 ----> 23
[0]: 38 ----> 18
[0]: 38 ----> 21
[0]: 38 ----> 24
[0]: 39 ----> 22
[0]: 39 ----> 23
[0]: 40 ----> 19
[0]: 40 ----> 20
[0]: 40 ----> 21
[0]: 41 ----> 20
[0]: 41 ----> 24
[0]: 42 ----> 20
[0]: 42 ----> 22
[0]: 42 ----> 25
[0]: 43 ----> 23
[0]: 43 ----> 24
[0]: 43 ----> 25
Max sizes cone: 4 support: 7
[1]: 4 ----> 30
[1]: 4 ----> 31
[1]: 4 ----> 34
[1]: 4 ----> 36
[1]: 4 ----> 39
[1]: 4 ----> 41
[1]: 5 ----> 41
[1]: 5 ----> 42
[1]: 5 ----> 43
[1]: 5 ----> 44
[1]: 6 ----> 33
[1]: 6 ----> 34
[1]: 6 ----> 35
[1]: 7 ----> 31
[1]: 7 ----> 32
[1]: 7 ----> 35
[1]: 7 ----> 42
[1]: 7 ----> 45
[1]: 7 ----> 46
[1]: 7 ----> 47
[1]: 8 ----> 38
[1]: 8 ----> 39
[1]: 8 ----> 40
[1]: 9 ----> 36
[1]: 9 ----> 37
[1]: 9 ----> 38
[1]: 9 ----> 44
[1]: 10 ----> 30
[1]: 10 ----> 32
[1]: 10 ----> 33
[1]: 10 ----> 37
[1]: 10 ----> 40
[1]: 10 ----> 43
[1]: 11 ----> 45
[1]: 11 ----> 48
[1]: 11 ----> 50
[1]: 12 ----> 46
[1]: 12 ----> 48
[1]: 12 ----> 49
[1]: 13 ----> 47
[1]: 13 ----> 49
[1]: 13 ----> 50
[1]: 14 ----> 1
[1]: 14 ----> 3
[1]: 15 ----> 3
[1]: 16 ----> 3
[1]: 17 ----> 0
[1]: 17 ----> 2
[1]: 18 ----> 0
[1]: 19 ----> 0
[1]: 20 ----> 0
[1]: 21 ----> 1
[1]: 22 ----> 1
[1]: 22 ----> 2
[1]: 23 ----> 1
[1]: 24 ----> 2
[1]: 25 ----> 2
[1]: 26 ----> 3
[1]: 26 ----> 1
[1]: 27 ----> 3
[1]: 28 ----> 3
[1]: 29 ----> 3
[1]: 30 ----> 14
[1]: 30 ----> 17
[1]: 30 ----> 20
[1]: 30 ----> 22
[1]: 31 ----> 14
[1]: 31 ----> 16
[1]: 31 ----> 21
[1]: 31 ----> 26
[1]: 31 ----> 28
[1]: 32 ----> 14
[1]: 32 ----> 15
[1]: 32 ----> 23
[1]: 32 ----> 26
[1]: 32 ----> 27
[1]: 33 ----> 15
[1]: 34 ----> 16
[1]: 35 ----> 15
[1]: 35 ----> 16
[1]: 35 ----> 27
[1]: 35 ----> 28
[1]: 36 ----> 17
[1]: 36 ----> 18
[1]: 36 ----> 24
[1]: 37 ----> 17
[1]: 37 ----> 19
[1]: 37 ----> 25
[1]: 38 ----> 18
[1]: 38 ----> 19
[1]: 39 ----> 18
[1]: 39 ----> 20
[1]: 40 ----> 19
[1]: 40 ----> 20
[1]: 41 ----> 21
[1]: 41 ----> 22
[1]: 41 ----> 24
[1]: 42 ----> 21
[1]: 42 ----> 23
[1]: 43 ----> 22
[1]: 43 ----> 23
[1]: 43 ----> 25
[1]: 44 ----> 24
[1]: 44 ----> 25
[1]: 45 ----> 26
[1]: 45 ----> 28
[1]: 45 ----> 14
[1]: 45 ----> 16
[1]: 45 ----> 21
[1]: 46 ----> 26
[1]: 46 ----> 27
[1]: 46 ----> 14
[1]: 46 ----> 15
[1]: 46 ----> 23
[1]: 47 ----> 27
[1]: 47 ----> 28
[1]: 47 ----> 15
[1]: 47 ----> 16
[1]: 48 ----> 26
[1]: 48 ----> 29
[1]: 49 ----> 27
[1]: 49 ----> 29
[1]: 50 ----> 28
[1]: 50 ----> 29
Max sizes cone: 4 support: 8
[2]: 3 ----> 27
[2]: 3 ----> 28
[2]: 3 ----> 31
[2]: 3 ----> 33
[2]: 3 ----> 35
[2]: 4 ----> 30
[2]: 4 ----> 31
[2]: 4 ----> 32
[2]: 5 ----> 28
[2]: 5 ----> 29
[2]: 5 ----> 32
[2]: 6 ----> 33
[2]: 6 ----> 34
[2]: 6 ----> 37
[2]: 7 ----> 35
[2]: 7 ----> 36
[2]: 7 ----> 37
[2]: 8 ----> 27
[2]: 8 ----> 29
[2]: 8 ----> 30
[2]: 8 ----> 34
[2]: 8 ----> 36
[2]: 8 ----> 38
[2]: 8 ----> 39
[2]: 8 ----> 40
[2]: 9 ----> 38
[2]: 9 ----> 41
[2]: 9 ----> 42
[2]: 9 ----> 46
[2]: 10 ----> 39
[2]: 10 ----> 41
[2]: 10 ----> 43
[2]: 10 ----> 45
[2]: 11 ----> 40
[2]: 11 ----> 42
[2]: 11 ----> 44
[2]: 11 ----> 45
[2]: 12 ----> 43
[2]: 12 ----> 44
[2]: 12 ----> 46
[2]: 13 ----> 1
[2]: 14 ----> 1
[2]: 15 ----> 1
[2]: 15 ----> 2
[2]: 16 ----> 0
[2]: 17 ----> 0
[2]: 18 ----> 0
[2]: 19 ----> 0
[2]: 20 ----> 1
[2]: 21 ----> 1
[2]: 22 ----> 1
[2]: 23 ----> 2
[2]: 24 ----> 1
[2]: 24 ----> 2
[2]: 25 ----> 2
[2]: 26 ----> 2
[2]: 27 ----> 13
[2]: 27 ----> 14
[2]: 27 ----> 16
[2]: 27 ----> 17
[2]: 27 ----> 20
[2]: 27 ----> 21
[2]: 28 ----> 13
[2]: 29 ----> 13
[2]: 29 ----> 15
[2]: 29 ----> 20
[2]: 29 ----> 22
[2]: 30 ----> 14
[2]: 30 ----> 15
[2]: 30 ----> 21
[2]: 30 ----> 22
[2]: 31 ----> 14
[2]: 32 ----> 15
[2]: 33 ----> 16
[2]: 33 ----> 19
[2]: 34 ----> 16
[2]: 34 ----> 18
[2]: 35 ----> 17
[2]: 35 ----> 19
[2]: 36 ----> 17
[2]: 36 ----> 18
[2]: 37 ----> 18
[2]: 37 ----> 19
[2]: 38 ----> 20
[2]: 38 ----> 21
[2]: 38 ----> 13
[2]: 38 ----> 14
[2]: 38 ----> 16
[2]: 38 ----> 17
[2]: 39 ----> 20
[2]: 39 ----> 22
[2]: 39 ----> 13
[2]: 39 ----> 15
[2]: 40 ----> 21
[2]: 40 ----> 22
[2]: 40 ----> 14
[2]: 40 ----> 15
[2]: 41 ----> 20
[2]: 41 ----> 24
[2]: 41 ----> 26
[2]: 42 ----> 21
[2]: 42 ----> 24
[2]: 42 ----> 25
[2]: 43 ----> 23
[2]: 43 ----> 26
[2]: 44 ----> 23
[2]: 44 ----> 25
[2]: 45 ----> 22
[2]: 45 ----> 23
[2]: 45 ----> 24
[2]: 46 ----> 25
[2]: 46 ----> 26
Max sizes cone: 4 support: 7
[3]: 3 ----> 25
[3]: 3 ----> 26
[3]: 3 ----> 29
[3]: 3 ----> 31
[3]: 4 ----> 28
[3]: 4 ----> 29
[3]: 4 ----> 30
[3]: 4 ----> 33
[3]: 4 ----> 34
[3]: 4 ----> 35
[3]: 4 ----> 36
[3]: 5 ----> 26
[3]: 5 ----> 27
[3]: 5 ----> 30
[3]: 6 ----> 31
[3]: 6 ----> 32
[3]: 6 ----> 33
[3]: 7 ----> 25
[3]: 7 ----> 27
[3]: 7 ----> 28
[3]: 7 ----> 32
[3]: 8 ----> 38
[3]: 8 ----> 39
[3]: 8 ----> 42
[3]: 9 ----> 34
[3]: 9 ----> 37
[3]: 9 ----> 39
[3]: 9 ----> 40
[3]: 10 ----> 35
[3]: 10 ----> 37
[3]: 10 ----> 38
[3]: 10 ----> 41
[3]: 11 ----> 36
[3]: 11 ----> 40
[3]: 11 ----> 41
[3]: 11 ----> 42
[3]: 12 ----> 0
[3]: 12 ----> 1
[3]: 12 ----> 2
[3]: 13 ----> 1
[3]: 14 ----> 1
[3]: 15 ----> 0
[3]: 16 ----> 0
[3]: 17 ----> 0
[3]: 18 ----> 1
[3]: 18 ----> 0
[3]: 19 ----> 2
[3]: 19 ----> 0
[3]: 20 ----> 1
[3]: 21 ----> 1
[3]: 22 ----> 1
[3]: 22 ----> 2
[3]: 23 ----> 2
[3]: 24 ----> 2
[3]: 25 ----> 12
[3]: 25 ----> 15
[3]: 26 ----> 14
[3]: 27 ----> 13
[3]: 28 ----> 12
[3]: 28 ----> 13
[3]: 28 ----> 17
[3]: 28 ----> 18
[3]: 28 ----> 20
[3]: 29 ----> 12
[3]: 29 ----> 14
[3]: 29 ----> 16
[3]: 29 ----> 18
[3]: 29 ----> 21
[3]: 30 ----> 13
[3]: 30 ----> 14
[3]: 30 ----> 20
[3]: 30 ----> 21
[3]: 31 ----> 15
[3]: 31 ----> 16
[3]: 32 ----> 15
[3]: 32 ----> 17
[3]: 33 ----> 16
[3]: 33 ----> 17
[3]: 34 ----> 18
[3]: 34 ----> 20
[3]: 34 ----> 12
[3]: 34 ----> 13
[3]: 34 ----> 17
[3]: 35 ----> 18
[3]: 35 ----> 21
[3]: 35 ----> 12
[3]: 35 ----> 14
[3]: 35 ----> 16
[3]: 36 ----> 20
[3]: 36 ----> 21
[3]: 36 ----> 13
[3]: 36 ----> 14
[3]: 37 ----> 18
[3]: 37 ----> 19
[3]: 37 ----> 22
[3]: 38 ----> 19
[3]: 38 ----> 24
[3]: 39 ----> 19
[3]: 39 ----> 23
[3]: 40 ----> 20
[3]: 40 ----> 22
[3]: 40 ----> 23
[3]: 41 ----> 21
[3]: 41 ----> 22
[3]: 41 ----> 24
[3]: 42 ----> 23
[3]: 42 ----> 24
base <-- cap:
[0]: 0 <---- 16 (0)
[0]: 0 <---- 18 (0)
[0]: 0 <---- 21 (0)
[0]: 0 <---- 19 (0)
[0]: 1 <---- 21 (-3)
[0]: 1 <---- 24 (1)
[0]: 1 <---- 25 (0)
[0]: 1 <---- 20 (0)
[0]: 2 <---- 22 (-3)
[0]: 2 <---- 17 (2)
[0]: 2 <---- 23 (-3)
[0]: 2 <---- 25 (-2)
[0]: 12 <---- 26 (0)
[0]: 12 <---- 27 (0)
[0]: 12 <---- 28 (0)
[0]: 13 <---- 29 (0)
[0]: 13 <---- 30 (0)
[0]: 13 <---- 26 (-2)
[0]: 14 <---- 28 (-2)
[0]: 14 <---- 31 (0)
[0]: 14 <---- 29 (-2)
[0]: 15 <---- 27 (-2)
[0]: 15 <---- 30 (-2)
[0]: 15 <---- 31 (-2)
[0]: 16 <---- 32 (0)
[0]: 16 <---- 33 (0)
[0]: 16 <---- 35 (-2)
[0]: 17 <---- 35 (0)
[0]: 17 <---- 36 (0)
[0]: 17 <---- 37 (0)
[0]: 18 <---- 38 (-2)
[0]: 18 <---- 34 (0)
[0]: 18 <---- 32 (-2)
[0]: 19 <---- 33 (-2)
[0]: 19 <---- 34 (-2)
[0]: 19 <---- 40 (-2)
[0]: 20 <---- 40 (0)
[0]: 20 <---- 41 (0)
[0]: 20 <---- 42 (0)
[0]: 21 <---- 35 (0)
[0]: 21 <---- 40 (0)
[0]: 21 <---- 38 (0)
[0]: 22 <---- 39 (0)
[0]: 22 <---- 42 (0)
[0]: 22 <---- 36 (0)
[0]: 23 <---- 37 (0)
[0]: 23 <---- 43 (0)
[0]: 23 <---- 39 (-2)
[0]: 24 <---- 38 (0)
[0]: 24 <---- 43 (0)
[0]: 24 <---- 41 (-2)
[0]: 25 <---- 35 (0)
[0]: 25 <---- 42 (-2)
[0]: 25 <---- 43 (-2)
[0]: 26 <---- 6 (0)
[0]: 26 <---- 3 (0)
[0]: 27 <---- 3 (0)
[0]: 27 <---- 5 (0)
[0]: 28 <---- 5 (0)
[0]: 28 <---- 6 (0)
[0]: 29 <---- 6 (0)
[0]: 29 <---- 4 (0)
[0]: 30 <---- 4 (0)
[0]: 30 <---- 3 (0)
[0]: 31 <---- 5 (0)
[0]: 31 <---- 4 (0)
[0]: 32 <---- 7 (0)
[0]: 32 <---- 3 (0)
[0]: 33 <---- 3 (0)
[0]: 33 <---- 8 (0)
[0]: 34 <---- 10 (0)
[0]: 34 <---- 3 (0)
[0]: 35 <---- 7 (0)
[0]: 35 <---- 8 (0)
[0]: 36 <---- 8 (0)
[0]: 36 <---- 9 (0)
[0]: 37 <---- 9 (0)
[0]: 37 <---- 7 (0)
[0]: 38 <---- 10 (0)
[0]: 38 <---- 7 (0)
[0]: 39 <---- 9 (0)
[0]: 39 <---- 11 (0)
[0]: 40 <---- 8 (0)
[0]: 40 <---- 10 (0)
[0]: 41 <---- 10 (0)
[0]: 41 <---- 11 (0)
[0]: 42 <---- 11 (0)
[0]: 42 <---- 8 (0)
[0]: 43 <---- 7 (0)
[0]: 43 <---- 11 (0)
[1]: 0 <---- 17 (0)
[1]: 0 <---- 18 (0)
[1]: 0 <---- 19 (0)
[1]: 0 <---- 20 (0)
[1]: 1 <---- 21 (0)
[1]: 1 <---- 22 (0)
[1]: 1 <---- 23 (0)
[1]: 1 <---- 14 (-2)
[1]: 2 <---- 24 (0)
[1]: 2 <---- 25 (0)
[1]: 2 <---- 22 (-3)
[1]: 2 <---- 17 (-1)
[1]: 3 <---- 26 (0)
[1]: 3 <---- 29 (0)
[1]: 3 <---- 27 (0)
[1]: 3 <---- 28 (0)
[1]: 14 <---- 30 (0)
[1]: 14 <---- 31 (0)
[1]: 14 <---- 32 (0)
[1]: 15 <---- 32 (-2)
[1]: 15 <---- 35 (0)
[1]: 15 <---- 33 (-2)
[1]: 16 <---- 31 (-2)
[1]: 16 <---- 34 (-2)
[1]: 16 <---- 35 (-2)
[1]: 17 <---- 36 (0)
[1]: 17 <---- 30 (-2)
[1]: 17 <---- 37 (0)
[1]: 18 <---- 38 (0)
[1]: 18 <---- 39 (0)
[1]: 18 <---- 36 (-2)
[1]: 19 <---- 37 (-2)
[1]: 19 <---- 40 (0)
[1]: 19 <---- 38 (-2)
[1]: 20 <---- 30 (0)
[1]: 20 <---- 39 (-2)
[1]: 20 <---- 40 (-2)
[1]: 21 <---- 41 (0)
[1]: 21 <---- 31 (0)
[1]: 21 <---- 42 (0)
[1]: 22 <---- 43 (0)
[1]: 22 <---- 30 (0)
[1]: 22 <---- 41 (-2)
[1]: 23 <---- 42 (-2)
[1]: 23 <---- 32 (0)
[1]: 23 <---- 43 (-2)
[1]: 24 <---- 44 (0)
[1]: 24 <---- 36 (0)
[1]: 24 <---- 41 (-2)
[1]: 25 <---- 43 (0)
[1]: 25 <---- 37 (0)
[1]: 25 <---- 44 (-2)
[1]: 26 <---- 48 (-2)
[1]: 26 <---- 45 (0)
[1]: 26 <---- 46 (0)
[1]: 27 <---- 46 (-2)
[1]: 27 <---- 47 (0)
[1]: 27 <---- 49 (-2)
[1]: 28 <---- 45 (-2)
[1]: 28 <---- 50 (-2)
[1]: 28 <---- 47 (-2)
[1]: 29 <---- 49 (0)
[1]: 29 <---- 50 (0)
[1]: 29 <---- 48 (0)
[1]: 30 <---- 10 (0)
[1]: 30 <---- 4 (0)
[1]: 31 <---- 4 (0)
[1]: 31 <---- 7 (0)
[1]: 32 <---- 7 (0)
[1]: 32 <---- 10 (0)
[1]: 33 <---- 10 (0)
[1]: 33 <---- 6 (0)
[1]: 34 <---- 6 (0)
[1]: 34 <---- 4 (0)
[1]: 35 <---- 7 (0)
[1]: 35 <---- 6 (0)
[1]: 36 <---- 9 (0)
[1]: 36 <---- 4 (0)
[1]: 37 <---- 10 (0)
[1]: 37 <---- 9 (0)
[1]: 38 <---- 9 (0)
[1]: 38 <---- 8 (0)
[1]: 39 <---- 8 (0)
[1]: 39 <---- 4 (0)
[1]: 40 <---- 10 (0)
[1]: 40 <---- 8 (0)
[1]: 41 <---- 5 (0)
[1]: 41 <---- 4 (0)
[1]: 42 <---- 7 (0)
[1]: 42 <---- 5 (0)
[1]: 43 <---- 5 (0)
[1]: 43 <---- 10 (0)
[1]: 44 <---- 5 (0)
[1]: 44 <---- 9 (0)
[1]: 45 <---- 11 (0)
[1]: 45 <---- 7 (0)
[1]: 46 <---- 7 (0)
[1]: 46 <---- 12 (0)
[1]: 47 <---- 7 (0)
[1]: 47 <---- 13 (0)
[1]: 48 <---- 11 (0)
[1]: 48 <---- 12 (0)
[1]: 49 <---- 12 (0)
[1]: 49 <---- 13 (0)
[1]: 50 <---- 13 (0)
[1]: 50 <---- 11 (0)
[2]: 0 <---- 17 (-3)
[2]: 0 <---- 18 (0)
[2]: 0 <---- 19 (0)
[2]: 0 <---- 16 (-1)
[2]: 1 <---- 20 (0)
[2]: 1 <---- 21 (0)
[2]: 1 <---- 22 (0)
[2]: 1 <---- 24 (0)
[2]: 2 <---- 24 (-3)
[2]: 2 <---- 23 (0)
[2]: 2 <---- 26 (0)
[2]: 2 <---- 25 (2)
[2]: 13 <---- 27 (0)
[2]: 13 <---- 28 (0)
[2]: 13 <---- 29 (0)
[2]: 14 <---- 30 (0)
[2]: 14 <---- 31 (0)
[2]: 14 <---- 27 (-2)
[2]: 15 <---- 29 (-2)
[2]: 15 <---- 32 (0)
[2]: 15 <---- 30 (-2)
[2]: 16 <---- 27 (0)
[2]: 16 <---- 33 (-2)
[2]: 16 <---- 34 (-2)
[2]: 17 <---- 35 (0)
[2]: 17 <---- 27 (-2)
[2]: 17 <---- 36 (0)
[2]: 18 <---- 37 (0)
[2]: 18 <---- 34 (-2)
[2]: 18 <---- 36 (0)
[2]: 19 <---- 35 (0)
[2]: 19 <---- 33 (-2)
[2]: 19 <---- 37 (-2)
[2]: 20 <---- 38 (0)
[2]: 20 <---- 41 (-2)
[2]: 20 <---- 39 (0)
[2]: 21 <---- 40 (0)
[2]: 21 <---- 42 (-2)
[2]: 21 <---- 38 (-2)
[2]: 22 <---- 39 (-2)
[2]: 22 <---- 45 (-2)
[2]: 22 <---- 40 (-2)
[2]: 23 <---- 43 (0)
[2]: 23 <---- 44 (0)
[2]: 23 <---- 45 (0)
[2]: 24 <---- 41 (0)
[2]: 24 <---- 42 (0)
[2]: 24 <---- 45 (0)
[2]: 25 <---- 44 (-2)
[2]: 25 <---- 46 (-2)
[2]: 25 <---- 42 (0)
[2]: 26 <---- 41 (0)
[2]: 26 <---- 46 (0)
[2]: 26 <---- 43 (-2)
[2]: 27 <---- 8 (0)
[2]: 27 <---- 3 (0)
[2]: 28 <---- 3 (0)
[2]: 28 <---- 5 (0)
[2]: 29 <---- 5 (0)
[2]: 29 <---- 8 (0)
[2]: 30 <---- 8 (0)
[2]: 30 <---- 4 (0)
[2]: 31 <---- 4 (0)
[2]: 31 <---- 3 (0)
[2]: 32 <---- 5 (0)
[2]: 32 <---- 4 (0)
[2]: 33 <---- 6 (0)
[2]: 33 <---- 3 (0)
[2]: 34 <---- 8 (0)
[2]: 34 <---- 6 (0)
[2]: 35 <---- 7 (0)
[2]: 35 <---- 3 (0)
[2]: 36 <---- 8 (0)
[2]: 36 <---- 7 (0)
[2]: 37 <---- 7 (0)
[2]: 37 <---- 6 (0)
[2]: 38 <---- 8 (0)
[2]: 38 <---- 9 (0)
[2]: 39 <---- 10 (0)
[2]: 39 <---- 8 (0)
[2]: 40 <---- 8 (0)
[2]: 40 <---- 11 (0)
[2]: 41 <---- 10 (0)
[2]: 41 <---- 9 (0)
[2]: 42 <---- 9 (0)
[2]: 42 <---- 11 (0)
[2]: 43 <---- 10 (0)
[2]: 43 <---- 12 (0)
[2]: 44 <---- 12 (0)
[2]: 44 <---- 11 (0)
[2]: 45 <---- 11 (0)
[2]: 45 <---- 10 (0)
[2]: 46 <---- 9 (0)
[2]: 46 <---- 12 (0)
[3]: 0 <---- 15 (0)
[3]: 0 <---- 16 (0)
[3]: 0 <---- 17 (0)
[3]: 0 <---- 12 (-3)
[3]: 1 <---- 22 (0)
[3]: 1 <---- 18 (0)
[3]: 1 <---- 20 (0)
[3]: 1 <---- 21 (0)
[3]: 2 <---- 22 (-3)
[3]: 2 <---- 23 (-3)
[3]: 2 <---- 19 (0)
[3]: 2 <---- 24 (-3)
[3]: 12 <---- 28 (0)
[3]: 12 <---- 29 (0)
[3]: 12 <---- 25 (-2)
[3]: 13 <---- 27 (-2)
[3]: 13 <---- 30 (0)
[3]: 13 <---- 28 (-2)
[3]: 14 <---- 26 (-2)
[3]: 14 <---- 29 (-2)
[3]: 14 <---- 30 (-2)
[3]: 15 <---- 31 (0)
[3]: 15 <---- 25 (-2)
[3]: 15 <---- 32 (0)
[3]: 16 <---- 33 (0)
[3]: 16 <---- 29 (0)
[3]: 16 <---- 31 (-2)
[3]: 17 <---- 32 (-2)
[3]: 17 <---- 28 (0)
[3]: 17 <---- 33 (-2)
[3]: 18 <---- 34 (0)
[3]: 18 <---- 35 (0)
[3]: 18 <---- 37 (-2)
[3]: 19 <---- 37 (0)
[3]: 19 <---- 38 (0)
[3]: 19 <---- 39 (0)
[3]: 20 <---- 40 (-2)
[3]: 20 <---- 36 (0)
[3]: 20 <---- 34 (-2)
[3]: 21 <---- 41 (-2)
[3]: 21 <---- 35 (-2)
[3]: 21 <---- 36 (-2)
[3]: 22 <---- 37 (0)
[3]: 22 <---- 41 (0)
[3]: 22 <---- 40 (0)
[3]: 23 <---- 40 (-2)
[3]: 23 <---- 42 (-2)
[3]: 23 <---- 39 (0)
[3]: 24 <---- 38 (0)
[3]: 24 <---- 42 (0)
[3]: 24 <---- 41 (-2)
[3]: 25 <---- 7 (0)
[3]: 25 <---- 3 (0)
[3]: 26 <---- 3 (0)
[3]: 26 <---- 5 (0)
[3]: 27 <---- 5 (0)
[3]: 27 <---- 7 (0)
[3]: 28 <---- 7 (0)
[3]: 28 <---- 4 (0)
[3]: 29 <---- 4 (0)
[3]: 29 <---- 3 (0)
[3]: 30 <---- 5 (0)
[3]: 30 <---- 4 (0)
[3]: 31 <---- 6 (0)
[3]: 31 <---- 3 (0)
[3]: 32 <---- 7 (0)
[3]: 32 <---- 6 (0)
[3]: 33 <---- 6 (0)
[3]: 33 <---- 4 (0)
[3]: 34 <---- 9 (0)
[3]: 34 <---- 4 (0)
[3]: 35 <---- 4 (0)
[3]: 35 <---- 10 (0)
[3]: 36 <---- 11 (0)
[3]: 36 <---- 4 (0)
[3]: 37 <---- 9 (0)
[3]: 37 <---- 10 (0)
[3]: 38 <---- 10 (0)
[3]: 38 <---- 8 (0)
[3]: 39 <---- 8 (0)
[3]: 39 <---- 9 (0)
[3]: 40 <---- 11 (0)
[3]: 40 <---- 9 (0)
[3]: 41 <---- 10 (0)
[3]: 41 <---- 11 (0)
[3]: 42 <---- 8 (0)
[3]: 42 <---- 11 (0)
coordinates with 1 fields
  field 0 with 3 components
Process 0:
  (   3) dim  3 offset   0 0 0 0
  (   4) dim  3 offset   3 0 1 0
  (   5) dim  3 offset   6 1 1 0
  (   6) dim  3 offset   9 1 1 1
  (   7) dim  3 offset  12 0.5 0.5 0.5
  (   8) dim  3 offset  15 0.5 0.5 0
  (   9) dim  3 offset  18 1 1 0.5
  (  10) dim  3 offset  21 0 0.5 0
  (  11) dim  3 offset  24 0.5 1 0
Process 1:
  (   4) dim  3 offset   0 0 0 0
  (   5) dim  3 offset   3 1 0 0
  (   6) dim  3 offset   6 0 1 0
  (   7) dim  3 offset   9 1 1 0
  (   8) dim  3 offset  12 0 0 1
  (   9) dim  3 offset  15 1 0 1
  (  10) dim  3 offset  18 1 1 1
  (  11) dim  3 offset  21 0.5 0.5 0
  (  12) dim  3 offset  24 1 1 0.5
  (  13) dim  3 offset  27 0.5 1 0
Process 2:
  (   3) dim  3 offset   0 0 0 0
  (   4) dim  3 offset   3 0 1 0
  (   5) dim  3 offset   6 1 1 0
  (   6) dim  3 offset   9 0 0 1
  (   7) dim  3 offset  12 0 1 1
  (   8) dim  3 offset  15 1 1 1
  (   9) dim  3 offset  18 0.5 0.5 0.5
  (  10) dim  3 offset  21 1 1 0.5
  (  11) dim  3 offset  24 0.5 1 0.5
  (  12) dim  3 offset  27 0.5 1 0
Process 3:
  (   3) dim  3 offset   0 0 0 0
  (   4) dim  3 offset   3 0 1 0
  (   5) dim  3 offset   6 1 1 0
  (   6) dim  3 offset   9 0 1 1
  (   7) dim  3 offset  12 1 1 1
  (   8) dim  3 offset  15 0.5 0.5 0.5
  (   9) dim  3 offset  18 0.5 1 0.5
  (  10) dim  3 offset  21 0 0.5 0
  (  11) dim  3 offset  24 0.5 1 0
PetscSF Object: 4 MPI processes
  type: basic
    sort=rank-order
  [0] Number of roots=44, leaves=29, remote ranks=3
  [0] 3 <- (3,3)
  [0] 4 <- (3,4)
  [0] 5 <- (3,5)
  [0] 6 <- (3,7)
  [0] 7 <- (3,8)
  [0] 8 <- (1,11)
  [0] 9 <- (2,10)
  [0] 10 <- (3,10)
  [0] 11 <- (3,11)
  [0] 12 <- (2,13)
  [0] 13 <- (3,12)
  [0] 14 <- (3,13)
  [0] 15 <- (3,14)
  [0] 22 <- (1,29)
  [0] 23 <- (2,26)
  [0] 24 <- (3,24)
  [0] 26 <- (3,25)
  [0] 27 <- (3,26)
  [0] 28 <- (3,27)
  [0] 29 <- (3,28)
  [0] 30 <- (3,29)
  [0] 31 <- (3,30)
  [0] 36 <- (1,48)
  [0] 37 <- (2,41)
  [0] 38 <- (3,38)
  [0] 39 <- (2,43)
  [0] 41 <- (3,41)
  [0] 42 <- (1,50)
  [0] 43 <- (3,42)
  [1] Number of roots=51, leaves=20, remote ranks=2
  [1] 4 <- (3,3)
  [1] 6 <- (3,4)
  [1] 7 <- (3,5)
  [1] 8 <- (2,6)
  [1] 10 <- (3,7)
  [1] 12 <- (2,10)
  [1] 13 <- (3,11)
  [1] 14 <- (2,13)
  [1] 15 <- (3,13)
  [1] 16 <- (3,14)
  [1] 20 <- (2,16)
  [1] 30 <- (3,25)
  [1] 31 <- (3,26)
  [1] 32 <- (3,27)
  [1] 33 <- (3,28)
  [1] 34 <- (3,29)
  [1] 35 <- (3,30)
  [1] 39 <- (2,33)
  [1] 40 <- (2,34)
  [1] 49 <- (2,43)
  [2] Number of roots=47, leaves=23, remote ranks=1
  [2] 3 <- (3,3)
  [2] 4 <- (3,4)
  [2] 5 <- (3,5)
  [2] 7 <- (3,6)
  [2] 8 <- (3,7)
  [2] 9 <- (3,8)
  [2] 11 <- (3,9)
  [2] 12 <- (3,11)
  [2] 14 <- (3,12)
  [2] 15 <- (3,13)
  [2] 17 <- (3,15)
  [2] 25 <- (3,23)
  [2] 27 <- (3,25)
  [2] 28 <- (3,26)
  [2] 29 <- (3,27)
  [2] 30 <- (3,28)
  [2] 31 <- (3,29)
  [2] 32 <- (3,30)
  [2] 35 <- (3,31)
  [2] 36 <- (3,32)
  [2] 42 <- (3,39)
  [2] 44 <- (3,40)
  [2] 46 <- (3,42)
  [3] Number of roots=43, leaves=0, remote ranks=0
  [0] Roots referenced by my leaves, by rank
  [0] 1: 4 edges
  [0]    8 <- 11
  [0]    22 <- 29
  [0]    36 <- 48
  [0]    42 <- 50
  [0] 2: 5 edges
  [0]    9 <- 10
  [0]    12 <- 13
  [0]    23 <- 26
  [0]    37 <- 41
  [0]    39 <- 43
  [0] 3: 20 edges
  [0]    3 <- 3
  [0]    4 <- 4
  [0]    5 <- 5
  [0]    6 <- 7
  [0]    7 <- 8
  [0]    10 <- 10
  [0]    11 <- 11
  [0]    13 <- 12
  [0]    14 <- 13
  [0]    15 <- 14
  [0]    24 <- 24
  [0]    26 <- 25
  [0]    27 <- 26
  [0]    28 <- 27
  [0]    29 <- 28
  [0]    30 <- 29
  [0]    31 <- 30
  [0]    38 <- 38
  [0]    41 <- 41
  [0]    43 <- 42
  [1] Roots referenced by my leaves, by rank
  [1] 2: 7 edges
  [1]    8 <- 6
  [1]    12 <- 10
  [1]    14 <- 13
  [1]    20 <- 16
  [1]    39 <- 33
  [1]    40 <- 34
  [1]    49 <- 43
  [1] 3: 13 edges
  [1]    4 <- 3
  [1]    6 <- 4
  [1]    7 <- 5
  [1]    10 <- 7
  [1]    13 <- 11
  [1]    15 <- 13
  [1]    16 <- 14
  [1]    30 <- 25
  [1]    31 <- 26
  [1]    32 <- 27
  [1]    33 <- 28
  [1]    34 <- 29
  [1]    35 <- 30
  [2] Roots referenced by my leaves, by rank
  [2] 3: 23 edges
  [2]    3 <- 3
  [2]    4 <- 4
  [2]    5 <- 5
  [2]    7 <- 6
  [2]    8 <- 7
  [2]    9 <- 8
  [2]    11 <- 9
  [2]    12 <- 11
  [2]    14 <- 12
  [2]    15 <- 13
  [2]    17 <- 15
  [2]    25 <- 23
  [2]    27 <- 25
  [2]    28 <- 26
  [2]    29 <- 27
  [2]    30 <- 28
  [2]    31 <- 29
  [2]    32 <- 30
  [2]    35 <- 31
  [2]    36 <- 32
  [2]    42 <- 39
  [2]    44 <- 40
  [2]    46 <- 42
  [3] Roots referenced by my leaves, by rank
Null vector 0 is likely null vector|| A * v[0] || = 1.3851e-16
Null vector 1 is likely null vector|| A * v[1] || = 1.37538e-16
Null vector 2 is likely null vector|| A * v[2] || = 2.01471e-16
Null vector 3 is likely null vector|| A * v[3] || = 1.78549e-16
Null vector 4 is likely null vector|| A * v[4] || = 1.46974e-16
Null vector 5 is likely null vector|| A * v[5] || = 1.53419e-16
Function tests pass for order 0 at tolerance 1e-10
Function tests pass for order 0 derivatives at tolerance 1e-10
