DM Object:Simplicial Mesh 4 MPI processes
  type: plex
Mesh 'Simplicial Mesh':
Max sizes cone: 3 support: 4
orientation is missing
cap --> base:
[0]: 3 ----> 8
[0]: 3 ----> 9
[0]: 3 ----> 13
[0]: 4 ----> 9
[0]: 4 ----> 10
[0]: 4 ----> 11
[0]: 5 ----> 8
[0]: 5 ----> 14
[0]: 6 ----> 10
[0]: 6 ----> 12
[0]: 6 ----> 13
[0]: 6 ----> 14
[0]: 7 ----> 11
[0]: 7 ----> 12
[0]: 8 ----> 2
[0]: 9 ----> 1
[0]: 10 ----> 0
[0]: 10 ----> 1
[0]: 11 ----> 0
[0]: 12 ----> 0
[0]: 13 ----> 1
[0]: 13 ----> 2
[0]: 14 ----> 2
Max sizes cone: 3 support: 3
[1]: 2 ----> 6
[1]: 2 ----> 10
[1]: 3 ----> 7
[1]: 3 ----> 8
[1]: 3 ----> 10
[1]: 4 ----> 6
[1]: 4 ----> 7
[1]: 4 ----> 9
[1]: 5 ----> 8
[1]: 5 ----> 9
[1]: 6 ----> 1
[1]: 7 ----> 0
[1]: 7 ----> 1
[1]: 8 ----> 0
[1]: 9 ----> 0
[1]: 10 ----> 1
Max sizes cone: 3 support: 5
[2]: 3 ----> 10
[2]: 4 ----> 10
[2]: 4 ----> 11
[2]: 4 ----> 15
[2]: 4 ----> 16
[2]: 4 ----> 17
[2]: 5 ----> 11
[2]: 5 ----> 13
[2]: 5 ----> 14
[2]: 6 ----> 12
[2]: 6 ----> 14
[2]: 6 ----> 15
[2]: 7 ----> 12
[2]: 7 ----> 13
[2]: 8 ----> 16
[2]: 8 ----> 18
[2]: 9 ----> 17
[2]: 9 ----> 18
[2]: 10 ----> 2
[2]: 11 ----> 1
[2]: 11 ----> 2
[2]: 12 ----> 0
[2]: 13 ----> 0
[2]: 14 ----> 0
[2]: 14 ----> 1
[2]: 15 ----> 1
[2]: 16 ----> 2
[2]: 17 ----> 2
[2]: 17 ----> 1
[2]: 18 ----> 2
Max sizes cone: 3 support: 4
[3]: 3 ----> 9
[3]: 3 ----> 11
[3]: 3 ----> 12
[3]: 3 ----> 15
[3]: 4 ----> 9
[3]: 4 ----> 10
[3]: 5 ----> 10
[3]: 5 ----> 11
[3]: 5 ----> 13
[3]: 5 ----> 14
[3]: 6 ----> 12
[3]: 6 ----> 16
[3]: 6 ----> 18
[3]: 7 ----> 13
[3]: 7 ----> 16
[3]: 7 ----> 17
[3]: 8 ----> 14
[3]: 8 ----> 15
[3]: 8 ----> 17
[3]: 8 ----> 18
[3]: 9 ----> 0
[3]: 10 ----> 1
[3]: 11 ----> 1
[3]: 11 ----> 0
[3]: 12 ----> 0
[3]: 13 ----> 1
[3]: 14 ----> 1
[3]: 15 ----> 0
[3]: 16 ----> 2
[3]: 17 ----> 1
[3]: 17 ----> 2
[3]: 18 ----> 0
[3]: 18 ----> 2
base <-- cap:
[0]: 0 <---- 10 (0)
[0]: 0 <---- 11 (0)
[0]: 0 <---- 12 (0)
[0]: 1 <---- 10 (-2)
[0]: 1 <---- 13 (0)
[0]: 1 <---- 9 (-2)
[0]: 2 <---- 13 (-2)
[0]: 2 <---- 14 (0)
[0]: 2 <---- 8 (-2)
[0]: 8 <---- 3 (0)
[0]: 8 <---- 5 (0)
[0]: 9 <---- 4 (0)
[0]: 9 <---- 3 (0)
[0]: 10 <---- 6 (0)
[0]: 10 <---- 4 (0)
[0]: 11 <---- 4 (0)
[0]: 11 <---- 7 (0)
[0]: 12 <---- 7 (0)
[0]: 12 <---- 6 (0)
[0]: 13 <---- 6 (0)
[0]: 13 <---- 3 (0)
[0]: 14 <---- 6 (0)
[0]: 14 <---- 5 (0)
[1]: 0 <---- 7 (0)
[1]: 0 <---- 8 (0)
[1]: 0 <---- 9 (0)
[1]: 1 <---- 7 (-2)
[1]: 1 <---- 6 (-2)
[1]: 1 <---- 10 (0)
[1]: 6 <---- 2 (0)
[1]: 6 <---- 4 (0)
[1]: 7 <---- 4 (0)
[1]: 7 <---- 3 (0)
[1]: 8 <---- 3 (0)
[1]: 8 <---- 5 (0)
[1]: 9 <---- 5 (0)
[1]: 9 <---- 4 (0)
[1]: 10 <---- 2 (0)
[1]: 10 <---- 3 (0)
[2]: 0 <---- 12 (0)
[2]: 0 <---- 13 (0)
[2]: 0 <---- 14 (0)
[2]: 1 <---- 11 (-2)
[2]: 1 <---- 15 (0)
[2]: 1 <---- 14 (-2)
[2]: 2 <---- 16 (0)
[2]: 2 <---- 17 (0)
[2]: 2 <---- 18 (-2)
[2]: 10 <---- 3 (0)
[2]: 10 <---- 4 (0)
[2]: 11 <---- 4 (0)
[2]: 11 <---- 5 (0)
[2]: 12 <---- 6 (0)
[2]: 12 <---- 7 (0)
[2]: 13 <---- 7 (0)
[2]: 13 <---- 5 (0)
[2]: 14 <---- 5 (0)
[2]: 14 <---- 6 (0)
[2]: 15 <---- 4 (0)
[2]: 15 <---- 6 (0)
[2]: 16 <---- 8 (0)
[2]: 16 <---- 4 (0)
[2]: 17 <---- 4 (0)
[2]: 17 <---- 9 (0)
[2]: 18 <---- 8 (0)
[2]: 18 <---- 9 (0)
[3]: 0 <---- 12 (0)
[3]: 0 <---- 18 (-2)
[3]: 0 <---- 15 (0)
[3]: 1 <---- 17 (-2)
[3]: 1 <---- 13 (0)
[3]: 1 <---- 14 (0)
[3]: 2 <---- 16 (0)
[3]: 2 <---- 17 (0)
[3]: 2 <---- 18 (0)
[3]: 9 <---- 3 (0)
[3]: 9 <---- 4 (0)
[3]: 10 <---- 4 (0)
[3]: 10 <---- 5 (0)
[3]: 11 <---- 5 (0)
[3]: 11 <---- 3 (0)
[3]: 12 <---- 3 (0)
[3]: 12 <---- 6 (0)
[3]: 13 <---- 7 (0)
[3]: 13 <---- 5 (0)
[3]: 14 <---- 5 (0)
[3]: 14 <---- 8 (0)
[3]: 15 <---- 8 (0)
[3]: 15 <---- 3 (0)
[3]: 16 <---- 6 (0)
[3]: 16 <---- 7 (0)
[3]: 17 <---- 7 (0)
[3]: 17 <---- 8 (0)
[3]: 18 <---- 8 (0)
[3]: 18 <---- 6 (0)
coordinates with 1 fields
  field 0 with 2 components
Process 0:
  (   3) dim  2 offset   0 0.5 0.5
  (   4) dim  2 offset   2 1 0.5
  (   5) dim  2 offset   4 0 1
  (   6) dim  2 offset   6 0.5 1
  (   7) dim  2 offset   8 1 1
Process 1:
  (   2) dim  2 offset   0 0.5 0
  (   3) dim  2 offset   2 1 0
  (   4) dim  2 offset   4 0.5 0.5
  (   5) dim  2 offset   6 1 0.5
Process 2:
  (   3) dim  2 offset   0 0 0
  (   4) dim  2 offset   2 0.5 0
  (   5) dim  2 offset   4 0 0.5
  (   6) dim  2 offset   6 0.5 0.5
  (   7) dim  2 offset   8 0 1
  (   8) dim  2 offset  10 0.25 0
  (   9) dim  2 offset  12 0.25 0.25
Process 3:
  (   3) dim  2 offset   0 0 0
  (   4) dim  2 offset   2 0.5 0
  (   5) dim  2 offset   4 0 0.5
  (   6) dim  2 offset   6 0.25 0
  (   7) dim  2 offset   8 0.25 0.25
  (   8) dim  2 offset  10 0 0.25
PetscSF Object: 4 MPI processes
  type: basic
    sort=rank-order
  [0] Number of roots=15, leaves=5, remote ranks=2
  [0] 3 <- (2,6)
  [0] 4 <- (1,5)
  [0] 5 <- (2,7)
  [0] 8 <- (2,12)
  [0] 9 <- (1,9)
  [1] Number of roots=11, leaves=3, remote ranks=2
  [1] 2 <- (3,4)
  [1] 4 <- (2,6)
  [1] 6 <- (2,15)
  [2] Number of roots=19, leaves=8, remote ranks=1
  [2] 3 <- (3,3)
  [2] 4 <- (3,4)
  [2] 5 <- (3,5)
  [2] 8 <- (3,6)
  [2] 9 <- (3,7)
  [2] 10 <- (3,9)
  [2] 11 <- (3,10)
  [2] 18 <- (3,16)
  [3] Number of roots=19, leaves=0, remote ranks=0
  [0] Roots referenced by my leaves, by rank
  [0] 1: 2 edges
  [0]    4 <- 5
  [0]    9 <- 9
  [0] 2: 3 edges
  [0]    3 <- 6
  [0]    5 <- 7
  [0]    8 <- 12
  [1] Roots referenced by my leaves, by rank
  [1] 2: 2 edges
  [1]    4 <- 6
  [1]    6 <- 15
  [1] 3: 1 edges
  [1]    2 <- 4
  [2] Roots referenced by my leaves, by rank
  [2] 3: 8 edges
  [2]    3 <- 3
  [2]    4 <- 4
  [2]    5 <- 5
  [2]    8 <- 6
  [2]    9 <- 7
  [2]    10 <- 9
  [2]    11 <- 10
  [2]    18 <- 16
  [3] Roots referenced by my leaves, by rank
Null vector 0 is likely null vector|| A * v[0] || = 1.27192e-16
Null vector 1 is likely null vector|| A * v[1] || = 1.83061e-16
Null vector 2 is likely null vector|| A * v[2] || = 1.14563e-16
Function tests pass for order 0 at tolerance 1e-10
Function tests pass for order 0 derivatives at tolerance 1e-10
